Archive member included to satisfy reference by file (symbol)

C:/ST/STM32CubeCLT_1.16.0/GNU-tools-for-STM32/bin/../lib/gcc/arm-none-eabi/12.3.1/../../../../arm-none-eabi/lib/thumb/v7e-m+fp/hard\libc_nano.a(libc_a-exit.o)
                              C:/ST/STM32CubeCLT_1.16.0/GNU-tools-for-STM32/bin/../lib/gcc/arm-none-eabi/12.3.1/../../../../arm-none-eabi/lib/thumb/v7e-m+fp/hard/crt0.o (exit)
C:/ST/STM32CubeCLT_1.16.0/GNU-tools-for-STM32/bin/../lib/gcc/arm-none-eabi/12.3.1/../../../../arm-none-eabi/lib/thumb/v7e-m+fp/hard\libc_nano.a(libc_a-findfp.o)
                              C:/ST/STM32CubeCLT_1.16.0/GNU-tools-for-STM32/bin/../lib/gcc/arm-none-eabi/12.3.1/../../../../arm-none-eabi/lib/thumb/v7e-m+fp/hard\libc_nano.a(libc_a-exit.o) (__stdio_exit_handler)
C:/ST/STM32CubeCLT_1.16.0/GNU-tools-for-STM32/bin/../lib/gcc/arm-none-eabi/12.3.1/../../../../arm-none-eabi/lib/thumb/v7e-m+fp/hard\libc_nano.a(libc_a-fwalk.o)
                              C:/ST/STM32CubeCLT_1.16.0/GNU-tools-for-STM32/bin/../lib/gcc/arm-none-eabi/12.3.1/../../../../arm-none-eabi/lib/thumb/v7e-m+fp/hard\libc_nano.a(libc_a-findfp.o) (_fwalk_sglue)
C:/ST/STM32CubeCLT_1.16.0/GNU-tools-for-STM32/bin/../lib/gcc/arm-none-eabi/12.3.1/../../../../arm-none-eabi/lib/thumb/v7e-m+fp/hard\libc_nano.a(libc_a-stdio.o)
                              C:/ST/STM32CubeCLT_1.16.0/GNU-tools-for-STM32/bin/../lib/gcc/arm-none-eabi/12.3.1/../../../../arm-none-eabi/lib/thumb/v7e-m+fp/hard\libc_nano.a(libc_a-findfp.o) (__sread)
C:/ST/STM32CubeCLT_1.16.0/GNU-tools-for-STM32/bin/../lib/gcc/arm-none-eabi/12.3.1/../../../../arm-none-eabi/lib/thumb/v7e-m+fp/hard\libc_nano.a(libc_a-memset.o)
                              C:/ST/STM32CubeCLT_1.16.0/GNU-tools-for-STM32/bin/../lib/gcc/arm-none-eabi/12.3.1/../../../../arm-none-eabi/lib/thumb/v7e-m+fp/hard/crt0.o (memset)
C:/ST/STM32CubeCLT_1.16.0/GNU-tools-for-STM32/bin/../lib/gcc/arm-none-eabi/12.3.1/../../../../arm-none-eabi/lib/thumb/v7e-m+fp/hard\libc_nano.a(libc_a-closer.o)
                              C:/ST/STM32CubeCLT_1.16.0/GNU-tools-for-STM32/bin/../lib/gcc/arm-none-eabi/12.3.1/../../../../arm-none-eabi/lib/thumb/v7e-m+fp/hard\libc_nano.a(libc_a-stdio.o) (_close_r)
C:/ST/STM32CubeCLT_1.16.0/GNU-tools-for-STM32/bin/../lib/gcc/arm-none-eabi/12.3.1/../../../../arm-none-eabi/lib/thumb/v7e-m+fp/hard\libc_nano.a(libc_a-reent.o)
                              C:/ST/STM32CubeCLT_1.16.0/GNU-tools-for-STM32/bin/../lib/gcc/arm-none-eabi/12.3.1/../../../../arm-none-eabi/lib/thumb/v7e-m+fp/hard\libc_nano.a(libc_a-closer.o) (errno)
C:/ST/STM32CubeCLT_1.16.0/GNU-tools-for-STM32/bin/../lib/gcc/arm-none-eabi/12.3.1/../../../../arm-none-eabi/lib/thumb/v7e-m+fp/hard\libc_nano.a(libc_a-impure.o)
                              C:/ST/STM32CubeCLT_1.16.0/GNU-tools-for-STM32/bin/../lib/gcc/arm-none-eabi/12.3.1/../../../../arm-none-eabi/lib/thumb/v7e-m+fp/hard\libc_nano.a(libc_a-reent.o) (_impure_ptr)
C:/ST/STM32CubeCLT_1.16.0/GNU-tools-for-STM32/bin/../lib/gcc/arm-none-eabi/12.3.1/../../../../arm-none-eabi/lib/thumb/v7e-m+fp/hard\libc_nano.a(libc_a-lseekr.o)
                              C:/ST/STM32CubeCLT_1.16.0/GNU-tools-for-STM32/bin/../lib/gcc/arm-none-eabi/12.3.1/../../../../arm-none-eabi/lib/thumb/v7e-m+fp/hard\libc_nano.a(libc_a-stdio.o) (_lseek_r)
C:/ST/STM32CubeCLT_1.16.0/GNU-tools-for-STM32/bin/../lib/gcc/arm-none-eabi/12.3.1/../../../../arm-none-eabi/lib/thumb/v7e-m+fp/hard\libc_nano.a(libc_a-readr.o)
                              C:/ST/STM32CubeCLT_1.16.0/GNU-tools-for-STM32/bin/../lib/gcc/arm-none-eabi/12.3.1/../../../../arm-none-eabi/lib/thumb/v7e-m+fp/hard\libc_nano.a(libc_a-stdio.o) (_read_r)
C:/ST/STM32CubeCLT_1.16.0/GNU-tools-for-STM32/bin/../lib/gcc/arm-none-eabi/12.3.1/../../../../arm-none-eabi/lib/thumb/v7e-m+fp/hard\libc_nano.a(libc_a-writer.o)
                              C:/ST/STM32CubeCLT_1.16.0/GNU-tools-for-STM32/bin/../lib/gcc/arm-none-eabi/12.3.1/../../../../arm-none-eabi/lib/thumb/v7e-m+fp/hard\libc_nano.a(libc_a-stdio.o) (_write_r)
C:/ST/STM32CubeCLT_1.16.0/GNU-tools-for-STM32/bin/../lib/gcc/arm-none-eabi/12.3.1/../../../../arm-none-eabi/lib/thumb/v7e-m+fp/hard\libc_nano.a(libc_a-init.o)
                              C:/ST/STM32CubeCLT_1.16.0/GNU-tools-for-STM32/bin/../lib/gcc/arm-none-eabi/12.3.1/../../../../arm-none-eabi/lib/thumb/v7e-m+fp/hard/crt0.o (__libc_init_array)
C:/ST/STM32CubeCLT_1.16.0/GNU-tools-for-STM32/bin/../lib/gcc/arm-none-eabi/12.3.1/../../../../arm-none-eabi/lib/thumb/v7e-m+fp/hard\libc_nano.a(libc_a-lock.o)
                              C:/ST/STM32CubeCLT_1.16.0/GNU-tools-for-STM32/bin/../lib/gcc/arm-none-eabi/12.3.1/../../../../arm-none-eabi/lib/thumb/v7e-m+fp/hard\libc_nano.a(libc_a-findfp.o) (__retarget_lock_init_recursive)
C:/ST/STM32CubeCLT_1.16.0/GNU-tools-for-STM32/bin/../lib/gcc/arm-none-eabi/12.3.1/../../../../arm-none-eabi/lib/thumb/v7e-m+fp/hard\libc_nano.a(libc_a-freer.o)
[...]
Memory Configuration

Name             Origin             Length             Attributes
RAM              0x20000000         0x00020000         xrw
FLASH            0x08000000         0x00080000         xr
*default*        0x00000000         0xffffffff

Linker script and memory map

LOAD C:/ST/STM32CubeCLT_1.16.0/GNU-tools-for-STM32/bin/../lib/gcc/arm-none-eabi/12.3.1/thumb/v7e-m+fp/hard/crti.o
LOAD C:/ST/STM32CubeCLT_1.16.0/GNU-tools-for-STM32/bin/../lib/gcc/arm-none-eabi/12.3.1/thumb/v7e-m+fp/hard/crtbegin.o
LOAD C:/ST/STM32CubeCLT_1.16.0/GNU-tools-for-STM32/bin/../lib/gcc/arm-none-eabi/12.3.1/../../../../arm-none-eabi/lib/thumb/v7e-m+fp/hard/crt0.o
START GROUP
LOAD C:/ST/STM32CubeCLT_1.16.0/GNU-tools-for-STM32/bin/../lib/gcc/arm-none-eabi/12.3.1/../../../../arm-none-eabi/lib/thumb/v7e-m+fp/hard\libc_nano.a
LOAD C:/ST/STM32CubeCLT_1.16.0/GNU-tools-for-STM32/bin/../lib/gcc/arm-none-eabi/12.3.1/../../../../arm-none-eabi/lib/thumb/v7e-m+fp/hard\libm.a
END GROUP
LOAD CMakeFiles/flightcomputer.dir/Core/Src/bmp280.c.obj
LOAD CMakeFiles/flightcomputer.dir/Core/Src/bmp_sensor.c.obj
LOAD CMakeFiles/flightcomputer.dir/Core/Src/fatfs_sd.c.obj
LOAD CMakeFiles/flightcomputer.dir/Core/Src/gps.c.obj
LOAD CMakeFiles/flightcomputer.dir/Core/Src/main.c.obj
LOAD CMakeFiles/flightcomputer.dir/Core/Src/sdCard.c.obj
LOAD CMakeFiles/flightcomputer.dir/Core/Src/stm32f4xx_hal_msp.c.obj
LOAD CMakeFiles/flightcomputer.dir/Core/Src/stm32f4xx_it.c.obj
LOAD CMakeFiles/flightcomputer.dir/Core/Src/syscalls.c.obj
LOAD CMakeFiles/flightcomputer.dir/Core/Src/sysmem.c.obj
LOAD CMakeFiles/flightcomputer.dir/Core/Src/system_stm32f4xx.c.obj
LOAD CMakeFiles/flightcomputer.dir/FATFS/Target/user_diskio.c.obj
LOAD CMakeFiles/flightcomputer.dir/FATFS/App/fatfs.c.obj
LOAD CMakeFiles/flightcomputer.dir/USB_DEVICE/App/usb_device.c.obj
LOAD CMakeFiles/flightcomputer.dir/USB_DEVICE/App/usbd_desc.c.obj
LOAD CMakeFiles/flightcomputer.dir/USB_DEVICE/App/usbd_cdc_if.c.obj
LOAD CMakeFiles/flightcomputer.dir/USB_DEVICE/Target/usbd_conf.c.obj
LOAD CMakeFiles/flightcomputer.dir/Drivers/STM32F4xx_HAL_Driver/Src/stm32f4xx_hal_pcd.c.obj
LOAD CMakeFiles/flightcomputer.dir/Drivers/STM32F4xx_HAL_Driver/Src/stm32f4xx_hal_pcd_ex.c.obj
LOAD CMakeFiles/flightcomputer.dir/Drivers/STM32F4xx_HAL_Driver/Src/stm32f4xx_ll_usb.c.obj
LOAD CMakeFiles/flightcomputer.dir/Drivers/STM32F4xx_HAL_Driver/Src/stm32f4xx_hal_rcc.c.obj
LOAD CMakeFiles/flightcomputer.dir/Drivers/STM32F4xx_HAL_Driver/Src/stm32f4xx_hal_rcc_ex.c.obj
LOAD CMakeFiles/flightcomputer.dir/Drivers/STM32F4xx_HAL_Driver/Src/stm32f4xx_hal_flash.c.obj
LOAD CMakeFiles/flightcomputer.dir/Drivers/STM32F4xx_HAL_Driver/Src/stm32f4xx_hal_flash_ex.c.obj
LOAD CMakeFiles/flightcomputer.dir/Drivers/STM32F4xx_HAL_Driver/Src/stm32f4xx_hal_flash_ramfunc.c.obj
LOAD CMakeFiles/flightcomputer.dir/Drivers/STM32F4xx_HAL_Driver/Src/stm32f4xx_hal_gpio.c.obj
LOAD CMakeFiles/flightcomputer.dir/Drivers/STM32F4xx_HAL_Driver/Src/stm32f4xx_hal_dma_ex.c.obj
LOAD CMakeFiles/flightcomputer.dir/Drivers/STM32F4xx_HAL_Driver/Src/stm32f4xx_hal_dma.c.obj
LOAD CMakeFiles/flightcomputer.dir/Drivers/STM32F4xx_HAL_Driver/Src/stm32f4xx_hal_pwr.c.obj
LOAD CMakeFiles/flightcomputer.dir/Drivers/STM32F4xx_HAL_Driver/Src/stm32f4xx_hal_pwr_ex.c.obj
LOAD CMakeFiles/flightcomputer.dir/Drivers/STM32F4xx_HAL_Driver/Src/stm32f4xx_hal_cortex.c.obj
LOAD CMakeFiles/flightcomputer.dir/Drivers/STM32F4xx_HAL_Driver/Src/stm32f4xx_hal.c.obj
LOAD CMakeFiles/flightcomputer.dir/Drivers/STM32F4xx_HAL_Driver/Src/stm32f4xx_hal_exti.c.obj
LOAD CMakeFiles/flightcomputer.dir/Drivers/STM32F4xx_HAL_Driver/Src/stm32f4xx_hal_i2c.c.obj
LOAD CMakeFiles/flightcomputer.dir/Drivers/STM32F4xx_HAL_Driver/Src/stm32f4xx_hal_i2c_ex.c.obj
LOAD CMakeFiles/flightcomputer.dir/Drivers/STM32F4xx_HAL_Driver/Src/stm32f4xx_hal_spi.c.obj
LOAD CMakeFiles/flightcomputer.dir/Drivers/STM32F4xx_HAL_Driver/Src/stm32f4xx_hal_tim.c.obj
LOAD CMakeFiles/flightcomputer.dir/Drivers/STM32F4xx_HAL_Driver/Src/stm32f4xx_hal_tim_ex.c.obj
LOAD CMakeFiles/flightcomputer.dir/Drivers/STM32F4xx_HAL_Driver/Src/stm32f4xx_hal_uart.c.obj
LOAD CMakeFiles/flightcomputer.dir/Middlewares/Third_Party/FatFs/src/diskio.c.obj
LOAD CMakeFiles/flightcomputer.dir/Middlewares/Third_Party/FatFs/src/ff.c.obj
LOAD CMakeFiles/flightcomputer.dir/Middlewares/Third_Party/FatFs/src/ff_gen_drv.c.obj
LOAD CMakeFiles/flightcomputer.dir/Middlewares/Third_Party/FatFs/src/option/syscall.c.obj
LOAD CMakeFiles/flightcomputer.dir/Middlewares/Third_Party/FatFs/src/option/ccsbcs.c.obj
LOAD CMakeFiles/flightcomputer.dir/Middlewares/ST/STM32_USB_Device_Library/Core/Src/usbd_core.c.obj
LOAD CMakeFiles/flightcomputer.dir/Middlewares/ST/STM32_USB_Device_Library/Core/Src/usbd_ctlreq.c.obj
LOAD CMakeFiles/flightcomputer.dir/Middlewares/ST/STM32_USB_Device_Library/Core/Src/usbd_ioreq.c.obj
LOAD CMakeFiles/flightcomputer.dir/Middlewares/ST/STM32_USB_Device_Library/Class/CDC/Src/usbd_cdc.c.obj
LOAD CMakeFiles/flightcomputer.dir/startup_stm32f411xe.s.obj
START GROUP
LOAD C:/ST/STM32CubeCLT_1.16.0/GNU-tools-for-STM32/bin/../lib/gcc/arm-none-eabi/12.3.1/thumb/v7e-m+fp/hard\libgcc.a
LOAD C:/ST/STM32CubeCLT_1.16.0/GNU-tools-for-STM32/bin/../lib/gcc/arm-none-eabi/12.3.1/../../../../arm-none-eabi/lib/thumb/v7e-m+fp/hard\libg_nano.a
LOAD C:/ST/STM32CubeCLT_1.16.0/GNU-tools-for-STM32/bin/../lib/gcc/arm-none-eabi/12.3.1/../../../../arm-none-eabi/lib/thumb/v7e-m+fp/hard\libc_nano.a
END GROUP
START GROUP
LOAD C:/ST/STM32CubeCLT_1.16.0/GNU-tools-for-STM32/bin/../lib/gcc/arm-none-eabi/12.3.1/thumb/v7e-m+fp/hard\libgcc.a
LOAD C:/ST/STM32CubeCLT_1.16.0/GNU-tools-for-STM32/bin/../lib/gcc/arm-none-eabi/12.3.1/../../../../arm-none-eabi/lib/thumb/v7e-m+fp/hard\libc_nano.a
END GROUP
LOAD C:/ST/STM32CubeCLT_1.16.0/GNU-tools-for-STM32/bin/../lib/gcc/arm-none-eabi/12.3.1/thumb/v7e-m+fp/hard/crtend.o
LOAD C:/ST/STM32CubeCLT_1.16.0/GNU-tools-for-STM32/bin/../lib/gcc/arm-none-eabi/12.3.1/thumb/v7e-m+fp/hard/crtn.o
                0x20020000                        _estack = (ORIGIN (RAM) + LENGTH (RAM))
                0x00000200                        _Min_Heap_Size = 0x200
                0x00000400                        _Min_Stack_Size = 0x400

.isr_vector     0x08000000      0x198
                0x08000000                        . = ALIGN (0x4)
 *(.isr_vector)
 .isr_vector    0x08000000      0x198 CMakeFiles/flightcomputer.dir/startup_stm32f411xe.s.obj
                0x08000000                g_pfnVectors
                0x08000198                        . = ALIGN (0x4)

.text           0x080001a0     0xa2c8
                0x080001a0                        . = ALIGN (0x4)
 *(.text)
 .text          0x080001a0       0x40 C:/ST/STM32CubeCLT_1.16.0/GNU-tools-for-STM32/bin/../lib/gcc/arm-none-eabi/12.3.1/thumb/v7e-m+fp/hard/crtbegin.o
 .text          0x080001e0       0x30 C:/ST/STM32CubeCLT_1.16.0/GNU-tools-for-STM32/bin/../lib/gcc/arm-none-eabi/12.3.1/thumb/v7e-m+fp/hard\libgcc.a(_aeabi_uldivmod.o)
                0x080001e0                __aeabi_uldivmod
 .text          0x08000210      0x2bc C:/ST/STM32CubeCLT_1.16.0/GNU-tools-for-STM32/bin/../lib/gcc/arm-none-eabi/12.3.1/thumb/v7e-m+fp/hard\libgcc.a(_udivmoddi4.o)
                0x08000210                __udivmoddi4
 .text          0x080004cc        0x4 C:/ST/STM32CubeCLT_1.16.0/GNU-tools-for-STM32/bin/../lib/gcc/arm-none-eabi/12.3.1/thumb/v7e-m+fp/hard\libgcc.a(_dvmd_tls.o)
                0x080004cc                __aeabi_idiv0
                0x080004cc                __aeabi_ldiv0
 .text          0x080004d0       0x10 C:/ST/STM32CubeCLT_1.16.0/GNU-tools-for-STM32/bin/../lib/gcc/arm-none-eabi/12.3.1/../../../../arm-none-eabi/lib/thumb/v7e-m+fp/hard\libg_nano.a(libc_a-strlen.o)
                0x080004d0                strlen
 .text          0x080004e0       0xa0 C:/ST/STM32CubeCLT_1.16.0/GNU-tools-for-STM32/bin/../lib/gcc/arm-none-eabi/12.3.1/../../../../arm-none-eabi/lib/thumb/v7e-m+fp/hard\libg_nano.a(libc_a-memchr.o)
                0x080004e0                memchr
 *(.text*)
 .text.memset   0x08000580       0x10 C:/ST/STM32CubeCLT_1.16.0/GNU-tools-for-STM32/bin/../lib/gcc/arm-none-eabi/12.3.1/../../../../arm-none-eabi/lib/thumb/v7e-m+fp/hard\libc_nano.a(libc_a-memset.o)
                0x08000580                memset
 .text.__libc_init_array
                0x08000590       0x48 C:/ST/STM32CubeCLT_1.16.0/GNU-tools-for-STM32/bin/../lib/gcc/arm-none-eabi/12.3.1/../../../../arm-none-eabi/lib/thumb/v7e-m+fp/hard\libc_nano.a(libc_a-init.o)
                0x08000590                __libc_init_array
 .text.__retarget_lock_acquire_recursive
                0x080005d8        0x2 C:/ST/STM32CubeCLT_1.16.0/GNU-tools-for-STM32/bin/../lib/gcc/arm-none-eabi/12.3.1/../../../../arm-none-eabi/lib/thumb/v7e-m+fp/hard\libc_nano.a(libc_a-lock.o)
                0x080005d8                __retarget_lock_acquire_recursive
 .text.__retarget_lock_release_recursive
                0x080005da        0x2 C:/ST/STM32CubeCLT_1.16.0/GNU-tools-for-STM32/bin/../lib/gcc/arm-none-eabi/12.3.1/../../../../arm-none-eabi/lib/thumb/v7e-m+fp/hard\libc_nano.a(libc_a-lock.o)
                0x080005da                __retarget_lock_release_recursive
 .text._free_r  0x080005dc       0x94 C:/ST/STM32CubeCLT_1.16.0/GNU-tools-for-STM32/bin/../lib/gcc/arm-none-eabi/12.3.1/../../../../arm-none-eabi/lib/thumb/v7e-m+fp/hard\libc_nano.a(libc_a-freer.o)
                0x080005dc                _free_r
 .text.sbrk_aligned
                0x08000670       0x44 C:/ST/STM32CubeCLT_1.16.0/GNU-tools-for-STM32/bin/../lib/gcc/arm-none-eabi/12.3.1/../../../../arm-none-eabi/lib/thumb/v7e-m+fp/hard\libc_nano.a(libc_a-mallocr.o)
 .text._malloc_r
                0x080006b4      0x100 C:/ST/STM32CubeCLT_1.16.0/GNU-tools-for-STM32/bin/../lib/gcc/arm-none-eabi/12.3.1/../../../../arm-none-eabi/lib/thumb/v7e-m+fp/hard\libc_nano.a(libc_a-mallocr.o)
                0x080006b4                _malloc_r
 .text.__malloc_lock
                0x080007b4        0xc C:/ST/STM32CubeCLT_1.16.0/GNU-tools-for-STM32/bin/../lib/gcc/arm-none-eabi/12.3.1/../../../../arm-none-eabi/lib/thumb/v7e-m+fp/hard\libc_nano.a(libc_a-mlock.o)
                0x080007b4                __malloc_lock
 .text.__malloc_unlock
                0x080007c0        0xc C:/ST/STM32CubeCLT_1.16.0/GNU-tools-for-STM32/bin/../lib/gcc/arm-none-eabi/12.3.1/../../../../arm-none-eabi/lib/thumb/v7e-m+fp/hard\libc_nano.a(libc_a-mlock.o)
                0x080007c0                __malloc_unlock
 .text._sbrk_r  0x080007cc       0x20 C:/ST/STM32CubeCLT_1.16.0/GNU-tools-for-STM32/bin/../lib/gcc/arm-none-eabi/12.3.1/../../../../arm-none-eabi/lib/thumb/v7e-m+fp/hard\libc_nano.a(libc_a-sbrkr.o)
                0x080007cc                _sbrk_r
 .text.SELECT   0x080007ec       0x20 CMakeFiles/flightcomputer.dir/Core/Src/fatfs_sd.c.obj
 .text.DESELECT
                0x0800080c       0x20 CMakeFiles/flightcomputer.dir/Core/Src/fatfs_sd.c.obj
 .text.SPI_TxByte
                0x0800082c       0x34 CMakeFiles/flightcomputer.dir/Core/Src/fatfs_sd.c.obj
 .text.SPI_TxBuffer
                0x08000860       0x34 CMakeFiles/flightcomputer.dir/Core/Src/fatfs_sd.c.obj
 .text.SPI_RxByte
                0x08000894       0x38 CMakeFiles/flightcomputer.dir/Core/Src/fatfs_sd.c.obj
 .text.SPI_RxBytePtr
                0x080008cc       0x1c CMakeFiles/flightcomputer.dir/Core/Src/fatfs_sd.c.obj
 .text.SD_ReadyWait
                0x080008e8       0x34 CMakeFiles/flightcomputer.dir/Core/Src/fatfs_sd.c.obj
 .text.SD_PowerOn
                0x0800091c       0x84 CMakeFiles/flightcomputer.dir/Core/Src/fatfs_sd.c.obj
 .text.SD_PowerOff
                0x080009a0       0x18 CMakeFiles/flightcomputer.dir/Core/Src/fatfs_sd.c.obj
 .text.SD_CheckPower
                0x080009b8       0x18 CMakeFiles/flightcomputer.dir/Core/Src/fatfs_sd.c.obj
 .text.SD_RxDataBlock
                0x080009d0       0x60 CMakeFiles/flightcomputer.dir/Core/Src/fatfs_sd.c.obj
 .text.SD_TxDataBlock
                0x08000a30       0x86 CMakeFiles/flightcomputer.dir/Core/Src/fatfs_sd.c.obj
 .text.SD_SendCmd
                0x08000ab6       0xa8 CMakeFiles/flightcomputer.dir/Core/Src/fatfs_sd.c.obj
 *fill*         0x08000b5e        0x2 
 .text.SD_disk_initialize
                0x08000b60      0x1d8 CMakeFiles/flightcomputer.dir/Core/Src/fatfs_sd.c.obj
                0x08000b60                SD_disk_initialize
 .text.SD_disk_status
                0x08000d38       0x2c CMakeFiles/flightcomputer.dir/Core/Src/fatfs_sd.c.obj
                0x08000d38                SD_disk_status
 .text.SD_disk_read
                0x08000d64       0xd4 CMakeFiles/flightcomputer.dir/Core/Src/fatfs_sd.c.obj
                0x08000d64                SD_disk_read
 .text.SD_disk_write
                0x08000e38      0x108 CMakeFiles/flightcomputer.dir/Core/Src/fatfs_sd.c.obj
                0x08000e38                SD_disk_write
 .text.SD_disk_ioctl
                0x08000f40      0x254 CMakeFiles/flightcomputer.dir/Core/Src/fatfs_sd.c.obj
                0x08000f40                SD_disk_ioctl
 .text.HAL_UART_RxCpltCallback
                0x08001194       0x20 CMakeFiles/flightcomputer.dir/Core/Src/gps.c.obj
                0x08001194                HAL_UART_RxCpltCallback
 .text.main     0x080011b4       0x8c CMakeFiles/flightcomputer.dir/Core/Src/main.c.obj
                0x080011b4                main
 .text.SystemClock_Config
                0x08001240       0xd8 CMakeFiles/flightcomputer.dir/Core/Src/main.c.obj
                0x08001240                SystemClock_Config
 .text.MX_I2C1_Init
                0x08001318       0x5c CMakeFiles/flightcomputer.dir/Core/Src/main.c.obj
 .text.MX_SPI3_Init
                0x08001374       0x6c CMakeFiles/flightcomputer.dir/Core/Src/main.c.obj
 .text.MX_USART1_UART_Init
                0x080013e0       0x54 CMakeFiles/flightcomputer.dir/Core/Src/main.c.obj
 .text.MX_USART2_UART_Init
                0x08001434       0x54 CMakeFiles/flightcomputer.dir/Core/Src/main.c.obj
 .text.MX_DMA_Init
                0x08001488       0x6c CMakeFiles/flightcomputer.dir/Core/Src/main.c.obj
 .text.MX_GPIO_Init
                0x080014f4       0xf0 CMakeFiles/flightcomputer.dir/Core/Src/main.c.obj
 .text.Error_Handler
                0x080015e4        0xc CMakeFiles/flightcomputer.dir/Core/Src/main.c.obj
                0x080015e4                Error_Handler
 .text.cdc_Transmit
                0x080015f0       0x22 CMakeFiles/flightcomputer.dir/Core/Src/sdCard.c.obj
                0x080015f0                cdc_Transmit
 *fill*         0x08001612        0x2 
 .text.HAL_MspInit
                0x08001614       0x50 CMakeFiles/flightcomputer.dir/Core/Src/stm32f4xx_hal_msp.c.obj
                0x08001614                HAL_MspInit
 .text.HAL_I2C_MspInit
                0x08001664       0x90 CMakeFiles/flightcomputer.dir/Core/Src/stm32f4xx_hal_msp.c.obj
                0x08001664                HAL_I2C_MspInit
 .text.HAL_SPI_MspInit
                0x080016f4       0x90 CMakeFiles/flightcomputer.dir/Core/Src/stm32f4xx_hal_msp.c.obj
                0x080016f4                HAL_SPI_MspInit
 .text.HAL_UART_MspInit
                0x08001784      0x1c8 CMakeFiles/flightcomputer.dir/Core/Src/stm32f4xx_hal_msp.c.obj
                0x08001784                HAL_UART_MspInit
 .text.SDTimer_Handler
                0x0800194c       0x48 CMakeFiles/flightcomputer.dir/Core/Src/stm32f4xx_it.c.obj
                0x0800194c                SDTimer_Handler
 .text.NMI_Handler
                0x08001994        0x8 CMakeFiles/flightcomputer.dir/Core/Src/stm32f4xx_it.c.obj
                0x08001994                NMI_Handler
 .text.HardFault_Handler
                0x0800199c        0x8 CMakeFiles/flightcomputer.dir/Core/Src/stm32f4xx_it.c.obj
                0x0800199c                HardFault_Handler
 .text.MemManage_Handler
                0x080019a4        0x8 CMakeFiles/flightcomputer.dir/Core/Src/stm32f4xx_it.c.obj
                0x080019a4                MemManage_Handler
 .text.BusFault_Handler
                0x080019ac        0x8 CMakeFiles/flightcomputer.dir/Core/Src/stm32f4xx_it.c.obj
                0x080019ac                BusFault_Handler
 .text.UsageFault_Handler
                0x080019b4        0x8 CMakeFiles/flightcomputer.dir/Core/Src/stm32f4xx_it.c.obj
                0x080019b4                UsageFault_Handler
 .text.SVC_Handler
                0x080019bc        0xe CMakeFiles/flightcomputer.dir/Core/Src/stm32f4xx_it.c.obj
                0x080019bc                SVC_Handler
 .text.DebugMon_Handler
                0x080019ca        0xe CMakeFiles/flightcomputer.dir/Core/Src/stm32f4xx_it.c.obj
                0x080019ca                DebugMon_Handler
 .text.PendSV_Handler
                0x080019d8        0xe CMakeFiles/flightcomputer.dir/Core/Src/stm32f4xx_it.c.obj
                0x080019d8                PendSV_Handler
 *fill*         0x080019e6        0x2 
 .text.SysTick_Handler
                0x080019e8       0x34 CMakeFiles/flightcomputer.dir/Core/Src/stm32f4xx_it.c.obj
                0x080019e8                SysTick_Handler
 .text.DMA1_Stream5_IRQHandler
                0x08001a1c       0x14 CMakeFiles/flightcomputer.dir/Core/Src/stm32f4xx_it.c.obj
                0x08001a1c                DMA1_Stream5_IRQHandler
 .text.OTG_FS_IRQHandler
                0x08001a30       0x14 CMakeFiles/flightcomputer.dir/Core/Src/stm32f4xx_it.c.obj
                0x08001a30                OTG_FS_IRQHandler
 .text.DMA2_Stream7_IRQHandler
                0x08001a44       0x14 CMakeFiles/flightcomputer.dir/Core/Src/stm32f4xx_it.c.obj
                0x08001a44                DMA2_Stream7_IRQHandler
 .text._sbrk    0x08001a58       0x6c CMakeFiles/flightcomputer.dir/Core/Src/sysmem.c.obj
                0x08001a58                _sbrk
 .text.SystemInit
                0x08001ac4       0x24 CMakeFiles/flightcomputer.dir/Core/Src/system_stm32f4xx.c.obj
                0x08001ac4                SystemInit
 .text.USER_initialize
                0x08001ae8       0x1e CMakeFiles/flightcomputer.dir/FATFS/Target/user_diskio.c.obj
                0x08001ae8                USER_initialize
 .text.USER_status
                0x08001b06       0x1e CMakeFiles/flightcomputer.dir/FATFS/Target/user_diskio.c.obj
                0x08001b06                USER_status
 .text.USER_read
                0x08001b24       0x28 CMakeFiles/flightcomputer.dir/FATFS/Target/user_diskio.c.obj
                0x08001b24                USER_read
 .text.USER_write
                0x08001b4c       0x28 CMakeFiles/flightcomputer.dir/FATFS/Target/user_diskio.c.obj
                0x08001b4c                USER_write
 .text.USER_ioctl
                0x08001b74       0x28 CMakeFiles/flightcomputer.dir/FATFS/Target/user_diskio.c.obj
                0x08001b74                USER_ioctl
 .text.MX_FATFS_Init
                0x08001b9c       0x24 CMakeFiles/flightcomputer.dir/FATFS/App/fatfs.c.obj
                0x08001b9c                MX_FATFS_Init
 .text.MX_USB_DEVICE_Init
                0x08001bc0       0x60 CMakeFiles/flightcomputer.dir/USB_DEVICE/App/usb_device.c.obj
                0x08001bc0                MX_USB_DEVICE_Init
 .text.USBD_FS_DeviceDescriptor
                0x08001c20       0x24 CMakeFiles/flightcomputer.dir/USB_DEVICE/App/usbd_desc.c.obj
                0x08001c20                USBD_FS_DeviceDescriptor
 .text.USBD_FS_LangIDStrDescriptor
                0x08001c44       0x24 CMakeFiles/flightcomputer.dir/USB_DEVICE/App/usbd_desc.c.obj
                0x08001c44                USBD_FS_LangIDStrDescriptor
 .text.USBD_FS_ProductStrDescriptor
                0x08001c68       0x3c CMakeFiles/flightcomputer.dir/USB_DEVICE/App/usbd_desc.c.obj
                0x08001c68                USBD_FS_ProductStrDescriptor
 .text.USBD_FS_ManufacturerStrDescriptor
                0x08001ca4       0x28 CMakeFiles/flightcomputer.dir/USB_DEVICE/App/usbd_desc.c.obj
                0x08001ca4                USBD_FS_ManufacturerStrDescriptor
 .text.USBD_FS_SerialStrDescriptor
                0x08001ccc       0x24 CMakeFiles/flightcomputer.dir/USB_DEVICE/App/usbd_desc.c.obj
                0x08001ccc                USBD_FS_SerialStrDescriptor
 .text.USBD_FS_ConfigStrDescriptor
                0x08001cf0       0x3c CMakeFiles/flightcomputer.dir/USB_DEVICE/App/usbd_desc.c.obj
                0x08001cf0                USBD_FS_ConfigStrDescriptor
 .text.USBD_FS_InterfaceStrDescriptor
                0x08001d2c       0x3c CMakeFiles/flightcomputer.dir/USB_DEVICE/App/usbd_desc.c.obj
                0x08001d2c                USBD_FS_InterfaceStrDescriptor
 .text.Get_SerialNum
                0x08001d68       0x58 CMakeFiles/flightcomputer.dir/USB_DEVICE/App/usbd_desc.c.obj
 .text.IntToUnicode
                0x08001dc0       0x7e CMakeFiles/flightcomputer.dir/USB_DEVICE/App/usbd_desc.c.obj
 *fill*         0x08001e3e        0x2 
 .text.CDC_Init_FS
                0x08001e40       0x28 CMakeFiles/flightcomputer.dir/USB_DEVICE/App/usbd_cdc_if.c.obj
 .text.CDC_DeInit_FS
                0x08001e68       0x10 CMakeFiles/flightcomputer.dir/USB_DEVICE/App/usbd_cdc_if.c.obj
 .text.CDC_Control_FS
                0x08001e78       0xbc CMakeFiles/flightcomputer.dir/USB_DEVICE/App/usbd_cdc_if.c.obj
 .text.CDC_Receive_FS
                0x08001f34       0x28 CMakeFiles/flightcomputer.dir/USB_DEVICE/App/usbd_cdc_if.c.obj
 .text.CDC_Transmit_FS
                0x08001f5c       0x4c CMakeFiles/flightcomputer.dir/USB_DEVICE/App/usbd_cdc_if.c.obj
                0x08001f5c                CDC_Transmit_FS
 .text.CDC_TransmitCplt_FS
                0x08001fa8       0x22 CMakeFiles/flightcomputer.dir/USB_DEVICE/App/usbd_cdc_if.c.obj
 *fill*         0x08001fca        0x2 
 .text.HAL_PCD_MspInit
                0x08001fcc       0xa8 CMakeFiles/flightcomputer.dir/USB_DEVICE/Target/usbd_conf.c.obj
                0x08001fcc                HAL_PCD_MspInit
 .text.HAL_PCD_SetupStageCallback
                0x08002074       0x24 CMakeFiles/flightcomputer.dir/USB_DEVICE/Target/usbd_conf.c.obj
                0x08002074                HAL_PCD_SetupStageCallback
 .text.HAL_PCD_DataOutStageCallback
                0x08002098       0x36 CMakeFiles/flightcomputer.dir/USB_DEVICE/Target/usbd_conf.c.obj
                0x08002098                HAL_PCD_DataOutStageCallback
 .text.HAL_PCD_DataInStageCallback
                0x080020ce       0x34 CMakeFiles/flightcomputer.dir/USB_DEVICE/Target/usbd_conf.c.obj
                0x080020ce                HAL_PCD_DataInStageCallback
 .text.HAL_PCD_SOFCallback
                0x08002102       0x1c CMakeFiles/flightcomputer.dir/USB_DEVICE/Target/usbd_conf.c.obj
                0x08002102                HAL_PCD_SOFCallback
 .text.HAL_PCD_ResetCallback
                0x0800211e       0x3c CMakeFiles/flightcomputer.dir/USB_DEVICE/Target/usbd_conf.c.obj
                0x0800211e                HAL_PCD_ResetCallback
 *fill*         0x0800215a        0x2 
 .text.HAL_PCD_SuspendCallback
                0x0800215c       0x4c CMakeFiles/flightcomputer.dir/USB_DEVICE/Target/usbd_conf.c.obj
                0x0800215c                HAL_PCD_SuspendCallback
 .text.HAL_PCD_ResumeCallback
                0x080021a8       0x1c CMakeFiles/flightcomputer.dir/USB_DEVICE/Target/usbd_conf.c.obj
                0x080021a8                HAL_PCD_ResumeCallback
 .text.HAL_PCD_ISOOUTIncompleteCallback
                0x080021c4       0x24 CMakeFiles/flightcomputer.dir/USB_DEVICE/Target/usbd_conf.c.obj
                0x080021c4                HAL_PCD_ISOOUTIncompleteCallback
 .text.HAL_PCD_ISOINIncompleteCallback
                0x080021e8       0x24 CMakeFiles/flightcomputer.dir/USB_DEVICE/Target/usbd_conf.c.obj
                0x080021e8                HAL_PCD_ISOINIncompleteCallback
 .text.HAL_PCD_ConnectCallback
                0x0800220c       0x1c CMakeFiles/flightcomputer.dir/USB_DEVICE/Target/usbd_conf.c.obj
                0x0800220c                HAL_PCD_ConnectCallback
 .text.HAL_PCD_DisconnectCallback
                0x08002228       0x1c CMakeFiles/flightcomputer.dir/USB_DEVICE/Target/usbd_conf.c.obj
                0x08002228                HAL_PCD_DisconnectCallback
 .text.USBD_LL_Init
                0x08002244       0x98 CMakeFiles/flightcomputer.dir/USB_DEVICE/Target/usbd_conf.c.obj
                0x08002244                USBD_LL_Init
 .text.USBD_LL_Start
                0x080022dc       0x36 CMakeFiles/flightcomputer.dir/USB_DEVICE/Target/usbd_conf.c.obj
                0x080022dc                USBD_LL_Start
 .text.USBD_LL_OpenEP
                0x08002312       0x4c CMakeFiles/flightcomputer.dir/USB_DEVICE/Target/usbd_conf.c.obj
                0x08002312                USBD_LL_OpenEP
 .text.USBD_LL_CloseEP
                0x0800235e       0x3e CMakeFiles/flightcomputer.dir/USB_DEVICE/Target/usbd_conf.c.obj
                0x0800235e                USBD_LL_CloseEP
 .text.USBD_LL_StallEP
                0x0800239c       0x3e CMakeFiles/flightcomputer.dir/USB_DEVICE/Target/usbd_conf.c.obj
                0x0800239c                USBD_LL_StallEP
 .text.USBD_LL_ClearStallEP
                0x080023da       0x3e CMakeFiles/flightcomputer.dir/USB_DEVICE/Target/usbd_conf.c.obj
                0x080023da                USBD_LL_ClearStallEP
 .text.USBD_LL_IsStallEP
                0x08002418       0x58 CMakeFiles/flightcomputer.dir/USB_DEVICE/Target/usbd_conf.c.obj
                0x08002418                USBD_LL_IsStallEP
 .text.USBD_LL_SetUSBAddress
                0x08002470       0x3e CMakeFiles/flightcomputer.dir/USB_DEVICE/Target/usbd_conf.c.obj
                0x08002470                USBD_LL_SetUSBAddress
 .text.USBD_LL_Transmit
                0x080024ae       0x42 CMakeFiles/flightcomputer.dir/USB_DEVICE/Target/usbd_conf.c.obj
                0x080024ae                USBD_LL_Transmit
 .text.USBD_LL_PrepareReceive
                0x080024f0       0x42 CMakeFiles/flightcomputer.dir/USB_DEVICE/Target/usbd_conf.c.obj
                0x080024f0                USBD_LL_PrepareReceive
 .text.USBD_LL_GetRxDataSize
                0x08002532       0x26 CMakeFiles/flightcomputer.dir/USB_DEVICE/Target/usbd_conf.c.obj
                0x08002532                USBD_LL_GetRxDataSize
 .text.USBD_static_malloc
                0x08002558       0x1c CMakeFiles/flightcomputer.dir/USB_DEVICE/Target/usbd_conf.c.obj
                0x08002558                USBD_static_malloc
 .text.USBD_static_free
                0x08002574       0x14 CMakeFiles/flightcomputer.dir/USB_DEVICE/Target/usbd_conf.c.obj
                0x08002574                USBD_static_free
 .text.USBD_Get_USB_Status
                0x08002588       0x58 CMakeFiles/flightcomputer.dir/USB_DEVICE/Target/usbd_conf.c.obj
                0x08002588                USBD_Get_USB_Status
 .text.HAL_PCD_Init
                0x080025e0      0x21e CMakeFiles/flightcomputer.dir/Drivers/STM32F4xx_HAL_Driver/Src/stm32f4xx_hal_pcd.c.obj
                0x080025e0                HAL_PCD_Init
 .text.HAL_PCD_Start
                0x080027fe       0x6a CMakeFiles/flightcomputer.dir/Drivers/STM32F4xx_HAL_Driver/Src/stm32f4xx_hal_pcd.c.obj
                0x080027fe                HAL_PCD_Start
 .text.HAL_PCD_IRQHandler
                0x08002868      0x942 CMakeFiles/flightcomputer.dir/Drivers/STM32F4xx_HAL_Driver/Src/stm32f4xx_hal_pcd.c.obj
                0x08002868                HAL_PCD_IRQHandler
 .text.HAL_PCD_SetAddress
                0x080031aa       0x48 CMakeFiles/flightcomputer.dir/Drivers/STM32F4xx_HAL_Driver/Src/stm32f4xx_hal_pcd.c.obj
                0x080031aa                HAL_PCD_SetAddress
 .text.HAL_PCD_EP_Open
                0x080031f2       0xd0 CMakeFiles/flightcomputer.dir/Drivers/STM32F4xx_HAL_Driver/Src/stm32f4xx_hal_pcd.c.obj
                0x080031f2                HAL_PCD_EP_Open
 .text.HAL_PCD_EP_Close
                0x080032c2       0x94 CMakeFiles/flightcomputer.dir/Drivers/STM32F4xx_HAL_Driver/Src/stm32f4xx_hal_pcd.c.obj
                0x080032c2                HAL_PCD_EP_Close
 .text.HAL_PCD_EP_Receive
                0x08003356       0x76 CMakeFiles/flightcomputer.dir/Drivers/STM32F4xx_HAL_Driver/Src/stm32f4xx_hal_pcd.c.obj
                0x08003356                HAL_PCD_EP_Receive
 .text.HAL_PCD_EP_GetRxCount
                0x080033cc       0x30 CMakeFiles/flightcomputer.dir/Drivers/STM32F4xx_HAL_Driver/Src/stm32f4xx_hal_pcd.c.obj
                0x080033cc                HAL_PCD_EP_GetRxCount
 .text.HAL_PCD_EP_Transmit
                0x080033fc       0x74 CMakeFiles/flightcomputer.dir/Drivers/STM32F4xx_HAL_Driver/Src/stm32f4xx_hal_pcd.c.obj
                0x080033fc                HAL_PCD_EP_Transmit
 .text.HAL_PCD_EP_SetStall
                0x08003470       0xc6 CMakeFiles/flightcomputer.dir/Drivers/STM32F4xx_HAL_Driver/Src/stm32f4xx_hal_pcd.c.obj
                0x08003470                HAL_PCD_EP_SetStall
 .text.HAL_PCD_EP_ClrStall
                0x08003536       0xac CMakeFiles/flightcomputer.dir/Drivers/STM32F4xx_HAL_Driver/Src/stm32f4xx_hal_pcd.c.obj
                0x08003536                HAL_PCD_EP_ClrStall
 .text.HAL_PCD_EP_Abort
                0x080035e2       0x62 CMakeFiles/flightcomputer.dir/Drivers/STM32F4xx_HAL_Driver/Src/stm32f4xx_hal_pcd.c.obj
                0x080035e2                HAL_PCD_EP_Abort
 .text.PCD_WriteEmptyTxFifo
                0x08003644      0x118 CMakeFiles/flightcomputer.dir/Drivers/STM32F4xx_HAL_Driver/Src/stm32f4xx_hal_pcd.c.obj
 .text.PCD_EP_OutXfrComplete_int
                0x0800375c      0x1d0 CMakeFiles/flightcomputer.dir/Drivers/STM32F4xx_HAL_Driver/Src/stm32f4xx_hal_pcd.c.obj
 .text.PCD_EP_OutSetupPacket_int
                0x0800392c       0x8c CMakeFiles/flightcomputer.dir/Drivers/STM32F4xx_HAL_Driver/Src/stm32f4xx_hal_pcd.c.obj
 .text.HAL_PCDEx_SetTxFiFo
                0x080039b8       0x8e CMakeFiles/flightcomputer.dir/Drivers/STM32F4xx_HAL_Driver/Src/stm32f4xx_hal_pcd_ex.c.obj
                0x080039b8                HAL_PCDEx_SetTxFiFo
 .text.HAL_PCDEx_SetRxFiFo
                0x08003a46       0x22 CMakeFiles/flightcomputer.dir/Drivers/STM32F4xx_HAL_Driver/Src/stm32f4xx_hal_pcd_ex.c.obj
                0x08003a46                HAL_PCDEx_SetRxFiFo
 .text.HAL_PCDEx_LPM_Callback
                0x08003a68       0x18 CMakeFiles/flightcomputer.dir/Drivers/STM32F4xx_HAL_Driver/Src/stm32f4xx_hal_pcd_ex.c.obj
                0x08003a68                HAL_PCDEx_LPM_Callback
 .text.USB_CoreInit
                0x08003a80       0xc8 CMakeFiles/flightcomputer.dir/Drivers/STM32F4xx_HAL_Driver/Src/stm32f4xx_ll_usb.c.obj
                0x08003a80                USB_CoreInit
 .text.USB_SetTurnaroundTime
                0x08003b48      0x144 CMakeFiles/flightcomputer.dir/Drivers/STM32F4xx_HAL_Driver/Src/stm32f4xx_ll_usb.c.obj
                0x08003b48                USB_SetTurnaroundTime
 .text.USB_EnableGlobalInt
                0x08003c8c       0x22 CMakeFiles/flightcomputer.dir/Drivers/STM32F4xx_HAL_Driver/Src/stm32f4xx_ll_usb.c.obj
                0x08003c8c                USB_EnableGlobalInt
 .text.USB_DisableGlobalInt
                0x08003cae       0x22 CMakeFiles/flightcomputer.dir/Drivers/STM32F4xx_HAL_Driver/Src/stm32f4xx_ll_usb.c.obj
                0x08003cae                USB_DisableGlobalInt
 .text.USB_SetCurrentMode
                0x08003cd0       0x98 CMakeFiles/flightcomputer.dir/Drivers/STM32F4xx_HAL_Driver/Src/stm32f4xx_ll_usb.c.obj
                0x08003cd0                USB_SetCurrentMode
 .text.USB_DevInit
                0x08003d68      0x2c8 CMakeFiles/flightcomputer.dir/Drivers/STM32F4xx_HAL_Driver/Src/stm32f4xx_ll_usb.c.obj
                0x08003d68                USB_DevInit
 .text.USB_FlushTxFifo
                0x08004030       0x64 CMakeFiles/flightcomputer.dir/Drivers/STM32F4xx_HAL_Driver/Src/stm32f4xx_ll_usb.c.obj
                0x08004030                USB_FlushTxFifo
 .text.USB_FlushRxFifo
                0x08004094       0x5c CMakeFiles/flightcomputer.dir/Drivers/STM32F4xx_HAL_Driver/Src/stm32f4xx_ll_usb.c.obj
                0x08004094                USB_FlushRxFifo
 .text.USB_SetDevSpeed
                0x080040f0       0x32 CMakeFiles/flightcomputer.dir/Drivers/STM32F4xx_HAL_Driver/Src/stm32f4xx_ll_usb.c.obj
                0x080040f0                USB_SetDevSpeed
 .text.USB_GetDevSpeed
                0x08004122       0x4a CMakeFiles/flightcomputer.dir/Drivers/STM32F4xx_HAL_Driver/Src/stm32f4xx_ll_usb.c.obj
                0x08004122                USB_GetDevSpeed
 .text.USB_ActivateEndpoint
                0x0800416c      0x10e CMakeFiles/flightcomputer.dir/Drivers/STM32F4xx_HAL_Driver/Src/stm32f4xx_ll_usb.c.obj
                0x0800416c                USB_ActivateEndpoint
 *fill*         0x0800427a        0x2 
 .text.USB_DeactivateEndpoint
                0x0800427c      0x1b8 CMakeFiles/flightcomputer.dir/Drivers/STM32F4xx_HAL_Driver/Src/stm32f4xx_ll_usb.c.obj
                0x0800427c                USB_DeactivateEndpoint
 .text.USB_EPStartXfer
                0x08004434      0x530 CMakeFiles/flightcomputer.dir/Drivers/STM32F4xx_HAL_Driver/Src/stm32f4xx_ll_usb.c.obj
                0x08004434                USB_EPStartXfer
 .text.USB_EPStopXfer
                0x08004964      0x154 CMakeFiles/flightcomputer.dir/Drivers/STM32F4xx_HAL_Driver/Src/stm32f4xx_ll_usb.c.obj
                0x08004964                USB_EPStopXfer
 .text.USB_WritePacket
                0x08004ab8       0x7c CMakeFiles/flightcomputer.dir/Drivers/STM32F4xx_HAL_Driver/Src/stm32f4xx_ll_usb.c.obj
                0x08004ab8                USB_WritePacket
 .text.USB_ReadPacket
                0x08004b34       0xb0 CMakeFiles/flightcomputer.dir/Drivers/STM32F4xx_HAL_Driver/Src/stm32f4xx_ll_usb.c.obj
                0x08004b34                USB_ReadPacket
 .text.USB_EPSetStall
                0x08004be4       0xdc CMakeFiles/flightcomputer.dir/Drivers/STM32F4xx_HAL_Driver/Src/stm32f4xx_ll_usb.c.obj
                0x08004be4                USB_EPSetStall
 .text.USB_EPClearStall
                0x08004cc0       0xcc CMakeFiles/flightcomputer.dir/Drivers/STM32F4xx_HAL_Driver/Src/stm32f4xx_ll_usb.c.obj
                0x08004cc0                USB_EPClearStall
 .text.USB_SetDevAddress
                0x08004d8c       0x4c CMakeFiles/flightcomputer.dir/Drivers/STM32F4xx_HAL_Driver/Src/stm32f4xx_ll_usb.c.obj
                0x08004d8c                USB_SetDevAddress
 .text.USB_DevConnect
                0x08004dd8       0x42 CMakeFiles/flightcomputer.dir/Drivers/STM32F4xx_HAL_Driver/Src/stm32f4xx_ll_usb.c.obj
                0x08004dd8                USB_DevConnect
 .text.USB_DevDisconnect
                0x08004e1a       0x42 CMakeFiles/flightcomputer.dir/Drivers/STM32F4xx_HAL_Driver/Src/stm32f4xx_ll_usb.c.obj
                0x08004e1a                USB_DevDisconnect
 .text.USB_ReadInterrupts
                0x08004e5c       0x26 CMakeFiles/flightcomputer.dir/Drivers/STM32F4xx_HAL_Driver/Src/stm32f4xx_ll_usb.c.obj
                0x08004e5c                USB_ReadInterrupts
 .text.USB_ReadDevAllOutEpInterrupt
                0x08004e82       0x34 CMakeFiles/flightcomputer.dir/Drivers/STM32F4xx_HAL_Driver/Src/stm32f4xx_ll_usb.c.obj
                0x08004e82                USB_ReadDevAllOutEpInterrupt
 .text.USB_ReadDevAllInEpInterrupt
                0x08004eb6       0x34 CMakeFiles/flightcomputer.dir/Drivers/STM32F4xx_HAL_Driver/Src/stm32f4xx_ll_usb.c.obj
                0x08004eb6                USB_ReadDevAllInEpInterrupt
 .text.USB_ReadDevOutEPInterrupt
                0x08004eea       0x3c CMakeFiles/flightcomputer.dir/Drivers/STM32F4xx_HAL_Driver/Src/stm32f4xx_ll_usb.c.obj
                0x08004eea                USB_ReadDevOutEPInterrupt
 .text.USB_ReadDevInEPInterrupt
                0x08004f26       0x5c CMakeFiles/flightcomputer.dir/Drivers/STM32F4xx_HAL_Driver/Src/stm32f4xx_ll_usb.c.obj
                0x08004f26                USB_ReadDevInEPInterrupt
 .text.USB_GetMode
                0x08004f82       0x1c CMakeFiles/flightcomputer.dir/Drivers/STM32F4xx_HAL_Driver/Src/stm32f4xx_ll_usb.c.obj
                0x08004f82                USB_GetMode
 .text.USB_ActivateSetup
                0x08004f9e       0x46 CMakeFiles/flightcomputer.dir/Drivers/STM32F4xx_HAL_Driver/Src/stm32f4xx_ll_usb.c.obj
                0x08004f9e                USB_ActivateSetup
 .text.USB_EP0_OutStart
                0x08004fe4       0xbc CMakeFiles/flightcomputer.dir/Drivers/STM32F4xx_HAL_Driver/Src/stm32f4xx_ll_usb.c.obj
                0x08004fe4                USB_EP0_OutStart
 .text.USB_CoreReset
                0x080050a0       0x62 CMakeFiles/flightcomputer.dir/Drivers/STM32F4xx_HAL_Driver/Src/stm32f4xx_ll_usb.c.obj
 *fill*         0x08005102        0x2 
 .text.HAL_RCC_OscConfig
                0x08005104      0x4f0 CMakeFiles/flightcomputer.dir/Drivers/STM32F4xx_HAL_Driver/Src/stm32f4xx_hal_rcc.c.obj
                0x08005104                HAL_RCC_OscConfig
 .text.HAL_RCC_ClockConfig
                0x080055f4      0x1cc CMakeFiles/flightcomputer.dir/Drivers/STM32F4xx_HAL_Driver/Src/stm32f4xx_hal_rcc.c.obj
                0x080055f4                HAL_RCC_ClockConfig
 .text.HAL_RCC_GetSysClockFreq
                0x080057c0      0x18c CMakeFiles/flightcomputer.dir/Drivers/STM32F4xx_HAL_Driver/Src/stm32f4xx_hal_rcc.c.obj
                0x080057c0                HAL_RCC_GetSysClockFreq
 .text.HAL_RCC_GetHCLKFreq
                0x0800594c       0x18 CMakeFiles/flightcomputer.dir/Drivers/STM32F4xx_HAL_Driver/Src/stm32f4xx_hal_rcc.c.obj
                0x0800594c                HAL_RCC_GetHCLKFreq
 .text.HAL_RCC_GetPCLK1Freq
                0x08005964       0x28 CMakeFiles/flightcomputer.dir/Drivers/STM32F4xx_HAL_Driver/Src/stm32f4xx_hal_rcc.c.obj
                0x08005964                HAL_RCC_GetPCLK1Freq
 .text.HAL_RCC_GetPCLK2Freq
                0x0800598c       0x28 CMakeFiles/flightcomputer.dir/Drivers/STM32F4xx_HAL_Driver/Src/stm32f4xx_hal_rcc.c.obj
                0x0800598c                HAL_RCC_GetPCLK2Freq
 .text.HAL_GPIO_Init
                0x080059b4      0x308 CMakeFiles/flightcomputer.dir/Drivers/STM32F4xx_HAL_Driver/Src/stm32f4xx_hal_gpio.c.obj
                0x080059b4                HAL_GPIO_Init
 .text.HAL_GPIO_WritePin
                0x08005cbc       0x32 CMakeFiles/flightcomputer.dir/Drivers/STM32F4xx_HAL_Driver/Src/stm32f4xx_hal_gpio.c.obj
                0x08005cbc                HAL_GPIO_WritePin
 .text.HAL_GPIO_TogglePin
                0x08005cee       0x34 CMakeFiles/flightcomputer.dir/Drivers/STM32F4xx_HAL_Driver/Src/stm32f4xx_hal_gpio.c.obj
                0x08005cee                HAL_GPIO_TogglePin
 *fill*         0x08005d22        0x2 
 .text.HAL_DMA_Init
                0x08005d24      0x15c CMakeFiles/flightcomputer.dir/Drivers/STM32F4xx_HAL_Driver/Src/stm32f4xx_hal_dma.c.obj
                0x08005d24                HAL_DMA_Init
 .text.HAL_DMA_Start_IT
                0x08005e80       0xb0 CMakeFiles/flightcomputer.dir/Drivers/STM32F4xx_HAL_Driver/Src/stm32f4xx_hal_dma.c.obj
                0x08005e80                HAL_DMA_Start_IT
 .text.HAL_DMA_IRQHandler
                0x08005f30      0x314 CMakeFiles/flightcomputer.dir/Drivers/STM32F4xx_HAL_Driver/Src/stm32f4xx_hal_dma.c.obj
                0x08005f30                HAL_DMA_IRQHandler
 .text.DMA_SetConfig
                0x08006244       0x5c CMakeFiles/flightcomputer.dir/Drivers/STM32F4xx_HAL_Driver/Src/stm32f4xx_hal_dma.c.obj
 .text.DMA_CalcBaseAndBitshift
                0x080062a0       0x6c CMakeFiles/flightcomputer.dir/Drivers/STM32F4xx_HAL_Driver/Src/stm32f4xx_hal_dma.c.obj
 .text.DMA_CheckFifoParam
                0x0800630c       0xf8 CMakeFiles/flightcomputer.dir/Drivers/STM32F4xx_HAL_Driver/Src/stm32f4xx_hal_dma.c.obj
 .text.__NVIC_SetPriorityGrouping
                0x08006404       0x48 CMakeFiles/flightcomputer.dir/Drivers/STM32F4xx_HAL_Driver/Src/stm32f4xx_hal_cortex.c.obj
 .text.__NVIC_GetPriorityGrouping
                0x0800644c       0x1c CMakeFiles/flightcomputer.dir/Drivers/STM32F4xx_HAL_Driver/Src/stm32f4xx_hal_cortex.c.obj
 .text.__NVIC_EnableIRQ
                0x08006468       0x3c CMakeFiles/flightcomputer.dir/Drivers/STM32F4xx_HAL_Driver/Src/stm32f4xx_hal_cortex.c.obj
 .text.__NVIC_SetPriority
                0x080064a4       0x54 CMakeFiles/flightcomputer.dir/Drivers/STM32F4xx_HAL_Driver/Src/stm32f4xx_hal_cortex.c.obj
 .text.NVIC_EncodePriority
                0x080064f8       0x66 CMakeFiles/flightcomputer.dir/Drivers/STM32F4xx_HAL_Driver/Src/stm32f4xx_hal_cortex.c.obj
 *fill*         0x0800655e        0x2 
 .text.SysTick_Config
                0x08006560       0x44 CMakeFiles/flightcomputer.dir/Drivers/STM32F4xx_HAL_Driver/Src/stm32f4xx_hal_cortex.c.obj
 .text.HAL_NVIC_SetPriorityGrouping
                0x080065a4       0x16 CMakeFiles/flightcomputer.dir/Drivers/STM32F4xx_HAL_Driver/Src/stm32f4xx_hal_cortex.c.obj
                0x080065a4                HAL_NVIC_SetPriorityGrouping
 .text.HAL_NVIC_SetPriority
                0x080065ba       0x38 CMakeFiles/flightcomputer.dir/Drivers/STM32F4xx_HAL_Driver/Src/stm32f4xx_hal_cortex.c.obj
                0x080065ba                HAL_NVIC_SetPriority
 .text.HAL_NVIC_EnableIRQ
                0x080065f2       0x1c CMakeFiles/flightcomputer.dir/Drivers/STM32F4xx_HAL_Driver/Src/stm32f4xx_hal_cortex.c.obj
                0x080065f2                HAL_NVIC_EnableIRQ
 .text.HAL_SYSTICK_Config
                0x0800660e       0x18 CMakeFiles/flightcomputer.dir/Drivers/STM32F4xx_HAL_Driver/Src/stm32f4xx_hal_cortex.c.obj
                0x0800660e                HAL_SYSTICK_Config
 *fill*         0x08006626        0x2 
 .text.HAL_Init
                0x08006628       0x44 CMakeFiles/flightcomputer.dir/Drivers/STM32F4xx_HAL_Driver/Src/stm32f4xx_hal.c.obj
                0x08006628                HAL_Init
 .text.HAL_InitTick
                0x0800666c       0x60 CMakeFiles/flightcomputer.dir/Drivers/STM32F4xx_HAL_Driver/Src/stm32f4xx_hal.c.obj
                0x0800666c                HAL_InitTick
 .text.HAL_IncTick
                0x080066cc       0x28 CMakeFiles/flightcomputer.dir/Drivers/STM32F4xx_HAL_Driver/Src/stm32f4xx_hal.c.obj
                0x080066cc                HAL_IncTick
 .text.HAL_GetTick
                0x080066f4       0x18 CMakeFiles/flightcomputer.dir/Drivers/STM32F4xx_HAL_Driver/Src/stm32f4xx_hal.c.obj
                0x080066f4                HAL_GetTick
 .text.HAL_Delay
                0x0800670c       0x48 CMakeFiles/flightcomputer.dir/Drivers/STM32F4xx_HAL_Driver/Src/stm32f4xx_hal.c.obj
                0x0800670c                HAL_Delay
 .text.HAL_I2C_Init
                0x08006754      0x288 CMakeFiles/flightcomputer.dir/Drivers/STM32F4xx_HAL_Driver/Src/stm32f4xx_hal_i2c.c.obj
                0x08006754                HAL_I2C_Init
 .text.HAL_SPI_Init
                0x080069dc      0x112 CMakeFiles/flightcomputer.dir/Drivers/STM32F4xx_HAL_Driver/Src/stm32f4xx_hal_spi.c.obj
                0x080069dc                HAL_SPI_Init
 .text.HAL_SPI_Transmit
                0x08006aee      0x286 CMakeFiles/flightcomputer.dir/Drivers/STM32F4xx_HAL_Driver/Src/stm32f4xx_hal_spi.c.obj
                0x08006aee                HAL_SPI_Transmit
 .text.HAL_SPI_TransmitReceive
                0x08006d74      0x360 CMakeFiles/flightcomputer.dir/Drivers/STM32F4xx_HAL_Driver/Src/stm32f4xx_hal_spi.c.obj
                0x08006d74                HAL_SPI_TransmitReceive
 .text.SPI_WaitFlagStateUntilTimeout
                0x080070d4      0x110 CMakeFiles/flightcomputer.dir/Drivers/STM32F4xx_HAL_Driver/Src/stm32f4xx_hal_spi.c.obj
 .text.SPI_EndRxTxTransaction
                0x080071e4       0xa8 CMakeFiles/flightcomputer.dir/Drivers/STM32F4xx_HAL_Driver/Src/stm32f4xx_hal_spi.c.obj
 .text.HAL_UART_Init
                0x0800728c       0xa0 CMakeFiles/flightcomputer.dir/Drivers/STM32F4xx_HAL_Driver/Src/stm32f4xx_hal_uart.c.obj
                0x0800728c                HAL_UART_Init
 .text.HAL_UART_Receive_DMA
                0x0800732c       0x4a CMakeFiles/flightcomputer.dir/Drivers/STM32F4xx_HAL_Driver/Src/stm32f4xx_hal_uart.c.obj
                0x0800732c                HAL_UART_Receive_DMA
 .text.HAL_UART_RxHalfCpltCallback
                0x08007376       0x14 CMakeFiles/flightcomputer.dir/Drivers/STM32F4xx_HAL_Driver/Src/stm32f4xx_hal_uart.c.obj
                0x08007376                HAL_UART_RxHalfCpltCallback
 .text.HAL_UART_ErrorCallback
                0x0800738a       0x14 CMakeFiles/flightcomputer.dir/Drivers/STM32F4xx_HAL_Driver/Src/stm32f4xx_hal_uart.c.obj
                0x0800738a                HAL_UART_ErrorCallback
 .text.HAL_UARTEx_RxEventCallback
                0x0800739e       0x18 CMakeFiles/flightcomputer.dir/Drivers/STM32F4xx_HAL_Driver/Src/stm32f4xx_hal_uart.c.obj
                0x0800739e                HAL_UARTEx_RxEventCallback
 .text.UART_DMAReceiveCplt
                0x080073b6      0x12c CMakeFiles/flightcomputer.dir/Drivers/STM32F4xx_HAL_Driver/Src/stm32f4xx_hal_uart.c.obj
 .text.UART_DMARxHalfCplt
                0x080074e2       0x3c CMakeFiles/flightcomputer.dir/Drivers/STM32F4xx_HAL_Driver/Src/stm32f4xx_hal_uart.c.obj
 .text.UART_DMAError
                0x0800751e       0x94 CMakeFiles/flightcomputer.dir/Drivers/STM32F4xx_HAL_Driver/Src/stm32f4xx_hal_uart.c.obj
 *fill*         0x080075b2        0x2 
 .text.UART_Start_Receive_DMA
                0x080075b4      0x134 CMakeFiles/flightcomputer.dir/Drivers/STM32F4xx_HAL_Driver/Src/stm32f4xx_hal_uart.c.obj
                0x080075b4                UART_Start_Receive_DMA
 .text.UART_EndTxTransfer
                0x080076e8       0x50 CMakeFiles/flightcomputer.dir/Drivers/STM32F4xx_HAL_Driver/Src/stm32f4xx_hal_uart.c.obj
 .text.UART_EndRxTransfer
                0x08007738       0xc6 CMakeFiles/flightcomputer.dir/Drivers/STM32F4xx_HAL_Driver/Src/stm32f4xx_hal_uart.c.obj
 *fill*         0x080077fe        0x2 
 .text.UART_SetConfig
                0x08007800      0x4e8 CMakeFiles/flightcomputer.dir/Drivers/STM32F4xx_HAL_Driver/Src/stm32f4xx_hal_uart.c.obj
 .text.FATFS_LinkDriverEx
                0x08007ce8       0x98 CMakeFiles/flightcomputer.dir/Middlewares/Third_Party/FatFs/src/ff_gen_drv.c.obj
                0x08007ce8                FATFS_LinkDriverEx
 .text.FATFS_LinkDriver
                0x08007d80       0x1e CMakeFiles/flightcomputer.dir/Middlewares/Third_Party/FatFs/src/ff_gen_drv.c.obj
                0x08007d80                FATFS_LinkDriver
 .text.USBD_Init
                0x08007d9e       0x60 CMakeFiles/flightcomputer.dir/Middlewares/ST/STM32_USB_Device_Library/Core/Src/usbd_core.c.obj
                0x08007d9e                USBD_Init
 .text.USBD_RegisterClass
                0x08007dfe       0x6c CMakeFiles/flightcomputer.dir/Middlewares/ST/STM32_USB_Device_Library/Core/Src/usbd_core.c.obj
                0x08007dfe                USBD_RegisterClass
 .text.USBD_Start
                0x08007e6a       0x18 CMakeFiles/flightcomputer.dir/Middlewares/ST/STM32_USB_Device_Library/Core/Src/usbd_core.c.obj
                0x08007e6a                USBD_Start
 .text.USBD_RunTestMode
                0x08007e82       0x16 CMakeFiles/flightcomputer.dir/Middlewares/ST/STM32_USB_Device_Library/Core/Src/usbd_core.c.obj
                0x08007e82                USBD_RunTestMode
 .text.USBD_SetClassConfig
                0x08007e98       0x38 CMakeFiles/flightcomputer.dir/Middlewares/ST/STM32_USB_Device_Library/Core/Src/usbd_core.c.obj
                0x08007e98                USBD_SetClassConfig
 .text.USBD_ClrClassConfig
                0x08007ed0       0x34 CMakeFiles/flightcomputer.dir/Middlewares/ST/STM32_USB_Device_Library/Core/Src/usbd_core.c.obj
                0x08007ed0                USBD_ClrClassConfig
 .text.USBD_LL_SetupStage
                0x08007f04       0xaa CMakeFiles/flightcomputer.dir/Middlewares/ST/STM32_USB_Device_Library/Core/Src/usbd_core.c.obj
                0x08007f04                USBD_LL_SetupStage
 .text.USBD_LL_DataOutStage
                0x08007fae      0x166 CMakeFiles/flightcomputer.dir/Middlewares/ST/STM32_USB_Device_Library/Core/Src/usbd_core.c.obj
                0x08007fae                USBD_LL_DataOutStage
 .text.USBD_LL_DataInStage
                0x08008114      0x164 CMakeFiles/flightcomputer.dir/Middlewares/ST/STM32_USB_Device_Library/Core/Src/usbd_core.c.obj
                0x08008114                USBD_LL_DataInStage
 .text.USBD_LL_Reset
                0x08008278       0xa4 CMakeFiles/flightcomputer.dir/Middlewares/ST/STM32_USB_Device_Library/Core/Src/usbd_core.c.obj
                0x08008278                USBD_LL_Reset
 .text.USBD_LL_SetSpeed
                0x0800831c       0x20 CMakeFiles/flightcomputer.dir/Middlewares/ST/STM32_USB_Device_Library/Core/Src/usbd_core.c.obj
                0x0800831c                USBD_LL_SetSpeed
 .text.USBD_LL_Suspend
                0x0800833c       0x38 CMakeFiles/flightcomputer.dir/Middlewares/ST/STM32_USB_Device_Library/Core/Src/usbd_core.c.obj
                0x0800833c                USBD_LL_Suspend
 .text.USBD_LL_Resume
                0x08008374       0x30 CMakeFiles/flightcomputer.dir/Middlewares/ST/STM32_USB_Device_Library/Core/Src/usbd_core.c.obj
                0x08008374                USBD_LL_Resume
 .text.USBD_LL_SOF
                0x080083a4       0x40 CMakeFiles/flightcomputer.dir/Middlewares/ST/STM32_USB_Device_Library/Core/Src/usbd_core.c.obj
                0x080083a4                USBD_LL_SOF
 .text.USBD_LL_IsoINIncomplete
                0x080083e4       0x64 CMakeFiles/flightcomputer.dir/Middlewares/ST/STM32_USB_Device_Library/Core/Src/usbd_core.c.obj
                0x080083e4                USBD_LL_IsoINIncomplete
 .text.USBD_LL_IsoOUTIncomplete
                0x08008448       0x64 CMakeFiles/flightcomputer.dir/Middlewares/ST/STM32_USB_Device_Library/Core/Src/usbd_core.c.obj
                0x08008448                USBD_LL_IsoOUTIncomplete
 .text.USBD_LL_DevConnected
                0x080084ac       0x16 CMakeFiles/flightcomputer.dir/Middlewares/ST/STM32_USB_Device_Library/Core/Src/usbd_core.c.obj
                0x080084ac                USBD_LL_DevConnected
 .text.USBD_LL_DevDisconnected
                0x080084c2       0x46 CMakeFiles/flightcomputer.dir/Middlewares/ST/STM32_USB_Device_Library/Core/Src/usbd_core.c.obj
                0x080084c2                USBD_LL_DevDisconnected
 .text.USBD_CoreFindIF
                0x08008508       0x1a CMakeFiles/flightcomputer.dir/Middlewares/ST/STM32_USB_Device_Library/Core/Src/usbd_core.c.obj
                0x08008508                USBD_CoreFindIF
 .text.USBD_CoreFindEP
                0x08008522       0x1a CMakeFiles/flightcomputer.dir/Middlewares/ST/STM32_USB_Device_Library/Core/Src/usbd_core.c.obj
                0x08008522                USBD_CoreFindEP
 .text.USBD_GetEpDesc
                0x0800853c       0x70 CMakeFiles/flightcomputer.dir/Middlewares/ST/STM32_USB_Device_Library/Core/Src/usbd_core.c.obj
                0x0800853c                USBD_GetEpDesc
 .text.USBD_GetNextDesc
                0x080085ac       0x38 CMakeFiles/flightcomputer.dir/Middlewares/ST/STM32_USB_Device_Library/Core/Src/usbd_core.c.obj
                0x080085ac                USBD_GetNextDesc
 .text.SWAPBYTE
                0x080085e4       0x3c CMakeFiles/flightcomputer.dir/Middlewares/ST/STM32_USB_Device_Library/Core/Src/usbd_ctlreq.c.obj
 .text.USBD_StdDevReq
                0x08008620       0xe4 CMakeFiles/flightcomputer.dir/Middlewares/ST/STM32_USB_Device_Library/Core/Src/usbd_ctlreq.c.obj
                0x08008620                USBD_StdDevReq
 .text.USBD_StdItfReq
                0x08008704       0xd8 CMakeFiles/flightcomputer.dir/Middlewares/ST/STM32_USB_Device_Library/Core/Src/usbd_ctlreq.c.obj
                0x08008704                USBD_StdItfReq
 .text.USBD_StdEPReq
                0x080087dc      0x33a CMakeFiles/flightcomputer.dir/Middlewares/ST/STM32_USB_Device_Library/Core/Src/usbd_ctlreq.c.obj
                0x080087dc                USBD_StdEPReq
 *fill*         0x08008b16        0x2 
 .text.USBD_GetDescriptor
                0x08008b18      0x2d4 CMakeFiles/flightcomputer.dir/Middlewares/ST/STM32_USB_Device_Library/Core/Src/usbd_ctlreq.c.obj
 .text.USBD_SetAddress
                0x08008dec       0x88 CMakeFiles/flightcomputer.dir/Middlewares/ST/STM32_USB_Device_Library/Core/Src/usbd_ctlreq.c.obj
 .text.USBD_SetConfig
                0x08008e74      0x154 CMakeFiles/flightcomputer.dir/Middlewares/ST/STM32_USB_Device_Library/Core/Src/usbd_ctlreq.c.obj
 .text.USBD_GetConfig
                0x08008fc8       0x6c CMakeFiles/flightcomputer.dir/Middlewares/ST/STM32_USB_Device_Library/Core/Src/usbd_ctlreq.c.obj
 .text.USBD_GetStatus
                0x08009034       0x68 CMakeFiles/flightcomputer.dir/Middlewares/ST/STM32_USB_Device_Library/Core/Src/usbd_ctlreq.c.obj
 .text.USBD_SetFeature
                0x0800909c       0x52 CMakeFiles/flightcomputer.dir/Middlewares/ST/STM32_USB_Device_Library/Core/Src/usbd_ctlreq.c.obj
 .text.USBD_ClrFeature
                0x080090ee       0x44 CMakeFiles/flightcomputer.dir/Middlewares/ST/STM32_USB_Device_Library/Core/Src/usbd_ctlreq.c.obj
 .text.USBD_ParseSetupRequest
                0x08009132       0x74 CMakeFiles/flightcomputer.dir/Middlewares/ST/STM32_USB_Device_Library/Core/Src/usbd_ctlreq.c.obj
                0x08009132                USBD_ParseSetupRequest
 .text.USBD_CtlError
                0x080091a6       0x22 CMakeFiles/flightcomputer.dir/Middlewares/ST/STM32_USB_Device_Library/Core/Src/usbd_ctlreq.c.obj
                0x080091a6                USBD_CtlError
 .text.USBD_GetString
                0x080091c8       0x8c CMakeFiles/flightcomputer.dir/Middlewares/ST/STM32_USB_Device_Library/Core/Src/usbd_ctlreq.c.obj
                0x080091c8                USBD_GetString
 .text.USBD_GetLen
                0x08009254       0x34 CMakeFiles/flightcomputer.dir/Middlewares/ST/STM32_USB_Device_Library/Core/Src/usbd_ctlreq.c.obj
 .text.USBD_CtlSendData
                0x08009288       0x36 CMakeFiles/flightcomputer.dir/Middlewares/ST/STM32_USB_Device_Library/Core/Src/usbd_ioreq.c.obj
                0x08009288                USBD_CtlSendData
 .text.USBD_CtlContinueSendData
                0x080092be       0x22 CMakeFiles/flightcomputer.dir/Middlewares/ST/STM32_USB_Device_Library/Core/Src/usbd_ioreq.c.obj
                0x080092be                USBD_CtlContinueSendData
 .text.USBD_CtlPrepareRx
                0x080092e0       0x3a CMakeFiles/flightcomputer.dir/Middlewares/ST/STM32_USB_Device_Library/Core/Src/usbd_ioreq.c.obj
                0x080092e0                USBD_CtlPrepareRx
 .text.USBD_CtlContinueRx
                0x0800931a       0x22 CMakeFiles/flightcomputer.dir/Middlewares/ST/STM32_USB_Device_Library/Core/Src/usbd_ioreq.c.obj
                0x0800931a                USBD_CtlContinueRx
 .text.USBD_CtlSendStatus
                0x0800933c       0x26 CMakeFiles/flightcomputer.dir/Middlewares/ST/STM32_USB_Device_Library/Core/Src/usbd_ioreq.c.obj
                0x0800933c                USBD_CtlSendStatus
 .text.USBD_CtlReceiveStatus
                0x08009362       0x26 CMakeFiles/flightcomputer.dir/Middlewares/ST/STM32_USB_Device_Library/Core/Src/usbd_ioreq.c.obj
                0x08009362                USBD_CtlReceiveStatus
 .text.USBD_CDC_Init
                0x08009388      0x1f0 CMakeFiles/flightcomputer.dir/Middlewares/ST/STM32_USB_Device_Library/Class/CDC/Src/usbd_cdc.c.obj
 .text.USBD_CDC_DeInit
                0x08009578      0x104 CMakeFiles/flightcomputer.dir/Middlewares/ST/STM32_USB_Device_Library/Class/CDC/Src/usbd_cdc.c.obj
 .text.USBD_CDC_Setup
                0x0800967c      0x1b8 CMakeFiles/flightcomputer.dir/Middlewares/ST/STM32_USB_Device_Library/Class/CDC/Src/usbd_cdc.c.obj
 .text.USBD_CDC_DataIn
                0x08009834       0xfe CMakeFiles/flightcomputer.dir/Middlewares/ST/STM32_USB_Device_Library/Class/CDC/Src/usbd_cdc.c.obj
 .text.USBD_CDC_DataOut
                0x08009932       0x70 CMakeFiles/flightcomputer.dir/Middlewares/ST/STM32_USB_Device_Library/Class/CDC/Src/usbd_cdc.c.obj
 .text.USBD_CDC_EP0_RxReady
                0x080099a2       0x74 CMakeFiles/flightcomputer.dir/Middlewares/ST/STM32_USB_Device_Library/Class/CDC/Src/usbd_cdc.c.obj
 *fill*         0x08009a16        0x2 
 .text.USBD_CDC_GetFSCfgDesc
                0x08009a18       0x70 CMakeFiles/flightcomputer.dir/Middlewares/ST/STM32_USB_Device_Library/Class/CDC/Src/usbd_cdc.c.obj
 .text.USBD_CDC_GetHSCfgDesc
                0x08009a88       0x70 CMakeFiles/flightcomputer.dir/Middlewares/ST/STM32_USB_Device_Library/Class/CDC/Src/usbd_cdc.c.obj
 .text.USBD_CDC_GetOtherSpeedCfgDesc
                0x08009af8       0x70 CMakeFiles/flightcomputer.dir/Middlewares/ST/STM32_USB_Device_Library/Class/CDC/Src/usbd_cdc.c.obj
 .text.USBD_CDC_GetDeviceQualifierDescriptor
                0x08009b68       0x20 CMakeFiles/flightcomputer.dir/Middlewares/ST/STM32_USB_Device_Library/Class/CDC/Src/usbd_cdc.c.obj
                0x08009b68                USBD_CDC_GetDeviceQualifierDescriptor
 .text.USBD_CDC_RegisterInterface
                0x08009b88       0x34 CMakeFiles/flightcomputer.dir/Middlewares/ST/STM32_USB_Device_Library/Class/CDC/Src/usbd_cdc.c.obj
                0x08009b88                USBD_CDC_RegisterInterface
 .text.USBD_CDC_SetTxBuffer
                0x08009bbc       0x44 CMakeFiles/flightcomputer.dir/Middlewares/ST/STM32_USB_Device_Library/Class/CDC/Src/usbd_cdc.c.obj
                0x08009bbc                USBD_CDC_SetTxBuffer
 .text.USBD_CDC_SetRxBuffer
                0x08009c00       0x3a CMakeFiles/flightcomputer.dir/Middlewares/ST/STM32_USB_Device_Library/Class/CDC/Src/usbd_cdc.c.obj
                0x08009c00                USBD_CDC_SetRxBuffer
 *fill*         0x08009c3a        0x2 
 .text.USBD_CDC_TransmitPacket
                0x08009c3c       0x80 CMakeFiles/flightcomputer.dir/Middlewares/ST/STM32_USB_Device_Library/Class/CDC/Src/usbd_cdc.c.obj
                0x08009c3c                USBD_CDC_TransmitPacket
 .text.USBD_CDC_ReceivePacket
                0x08009cbc       0x6c CMakeFiles/flightcomputer.dir/Middlewares/ST/STM32_USB_Device_Library/Class/CDC/Src/usbd_cdc.c.obj
                0x08009cbc                USBD_CDC_ReceivePacket
 .text.Reset_Handler
                0x08009d28       0x50 CMakeFiles/flightcomputer.dir/startup_stm32f411xe.s.obj
                0x08009d28                Reset_Handler
 .text.Default_Handler
                0x08009d78        0x2 CMakeFiles/flightcomputer.dir/startup_stm32f411xe.s.obj
                0x08009d78                RTC_Alarm_IRQHandler
                0x08009d78                EXTI2_IRQHandler
                0x08009d78                SPI4_IRQHandler
                0x08009d78                TIM1_CC_IRQHandler
                0x08009d78                DMA2_Stream5_IRQHandler
                0x08009d78                PVD_IRQHandler
                0x08009d78                SDIO_IRQHandler
                0x08009d78                TAMP_STAMP_IRQHandler
                0x08009d78                EXTI3_IRQHandler
                0x08009d78                TIM1_UP_TIM10_IRQHandler
                0x08009d78                I2C3_ER_IRQHandler
                0x08009d78                EXTI0_IRQHandler
                0x08009d78                I2C2_EV_IRQHandler
                0x08009d78                DMA1_Stream2_IRQHandler
                0x08009d78                FPU_IRQHandler
                0x08009d78                DMA2_Stream2_IRQHandler
                0x08009d78                SPI1_IRQHandler
                0x08009d78                TIM1_BRK_TIM9_IRQHandler
                0x08009d78                DMA2_Stream3_IRQHandler
                0x08009d78                USART6_IRQHandler
                0x08009d78                DMA2_Stream0_IRQHandler
                0x08009d78                TIM4_IRQHandler
                0x08009d78                I2C1_EV_IRQHandler
                0x08009d78                DMA1_Stream6_IRQHandler
                0x08009d78                DMA1_Stream1_IRQHandler
                0x08009d78                TIM3_IRQHandler
                0x08009d78                RCC_IRQHandler
                0x08009d78                Default_Handler
                0x08009d78                EXTI15_10_IRQHandler
                0x08009d78                ADC_IRQHandler
                0x08009d78                DMA1_Stream7_IRQHandler
                0x08009d78                SPI5_IRQHandler
                0x08009d78                TIM5_IRQHandler
                0x08009d78                I2C3_EV_IRQHandler
                0x08009d78                EXTI9_5_IRQHandler
                0x08009d78                RTC_WKUP_IRQHandler
                0x08009d78                SPI2_IRQHandler
                0x08009d78                DMA1_Stream0_IRQHandler
                0x08009d78                EXTI4_IRQHandler
                0x08009d78                WWDG_IRQHandler
                0x08009d78                TIM2_IRQHandler
                0x08009d78                OTG_FS_WKUP_IRQHandler
                0x08009d78                TIM1_TRG_COM_TIM11_IRQHandler
                0x08009d78                EXTI1_IRQHandler
                0x08009d78                USART2_IRQHandler
                0x08009d78                I2C2_ER_IRQHandler
                0x08009d78                DMA2_Stream1_IRQHandler
                0x08009d78                FLASH_IRQHandler
                0x08009d78                DMA2_Stream4_IRQHandler
                0x08009d78                USART1_IRQHandler
                0x08009d78                SPI3_IRQHandler
                0x08009d78                DMA1_Stream4_IRQHandler
                0x08009d78                I2C1_ER_IRQHandler
                0x08009d78                DMA2_Stream6_IRQHandler
                0x08009d78                DMA1_Stream3_IRQHandler
 *fill*         0x08009d7a        0x2 
 .text.sprintf  0x08009d7c       0x40 C:/ST/STM32CubeCLT_1.16.0/GNU-tools-for-STM32/bin/../lib/gcc/arm-none-eabi/12.3.1/../../../../arm-none-eabi/lib/thumb/v7e-m+fp/hard\libg_nano.a(libc_a-sprintf.o)
                0x08009d7c                siprintf
                0x08009d7c                sprintf
 .text.__errno  0x08009dbc        0xc C:/ST/STM32CubeCLT_1.16.0/GNU-tools-for-STM32/bin/../lib/gcc/arm-none-eabi/12.3.1/../../../../arm-none-eabi/lib/thumb/v7e-m+fp/hard\libg_nano.a(libc_a-errno.o)
                0x08009dbc                __errno
 .text.__ssputs_r
                0x08009dc8       0xb6 C:/ST/STM32CubeCLT_1.16.0/GNU-tools-for-STM32/bin/../lib/gcc/arm-none-eabi/12.3.1/../../../../arm-none-eabi/lib/thumb/v7e-m+fp/hard\libg_nano.a(libc_a-nano-svfprintf.o)
                0x08009dc8                __ssputs_r
 *fill*         0x08009e7e        0x2 
 .text._svfprintf_r
                0x08009e80      0x1f8 C:/ST/STM32CubeCLT_1.16.0/GNU-tools-for-STM32/bin/../lib/gcc/arm-none-eabi/12.3.1/../../../../arm-none-eabi/lib/thumb/v7e-m+fp/hard\libg_nano.a(libc_a-nano-svfprintf.o)
                0x08009e80                _svfiprintf_r
                0x08009e80                _svfprintf_r
 .text._printf_common
                0x0800a078       0xda C:/ST/STM32CubeCLT_1.16.0/GNU-tools-for-STM32/bin/../lib/gcc/arm-none-eabi/12.3.1/../../../../arm-none-eabi/lib/thumb/v7e-m+fp/hard\libg_nano.a(libc_a-nano-vfprintf_i.o)
                0x0800a078                _printf_common
 *fill*         0x0800a152        0x2 
 .text._printf_i
                0x0800a154      0x240 C:/ST/STM32CubeCLT_1.16.0/GNU-tools-for-STM32/bin/../lib/gcc/arm-none-eabi/12.3.1/../../../../arm-none-eabi/lib/thumb/v7e-m+fp/hard\libg_nano.a(libc_a-nano-vfprintf_i.o)
                0x0800a154                _printf_i
 .text.memmove  0x0800a394       0x34 C:/ST/STM32CubeCLT_1.16.0/GNU-tools-for-STM32/bin/../lib/gcc/arm-none-eabi/12.3.1/../../../../arm-none-eabi/lib/thumb/v7e-m+fp/hard\libg_nano.a(libc_a-memmove.o)
                0x0800a394                memmove
 .text.memcpy   0x0800a3c8       0x1c C:/ST/STM32CubeCLT_1.16.0/GNU-tools-for-STM32/bin/../lib/gcc/arm-none-eabi/12.3.1/../../../../arm-none-eabi/lib/thumb/v7e-m+fp/hard\libg_nano.a(libc_a-memcpy-stub.o)
                0x0800a3c8                memcpy
 .text._realloc_r
                0x0800a3e4       0x5c C:/ST/STM32CubeCLT_1.16.0/GNU-tools-for-STM32/bin/../lib/gcc/arm-none-eabi/12.3.1/../../../../arm-none-eabi/lib/thumb/v7e-m+fp/hard\libg_nano.a(libc_a-reallocr.o)
                0x0800a3e4                _realloc_r
 .text._malloc_usable_size_r
                0x0800a440       0x10 C:/ST/STM32CubeCLT_1.16.0/GNU-tools-for-STM32/bin/../lib/gcc/arm-none-eabi/12.3.1/../../../../arm-none-eabi/lib/thumb/v7e-m+fp/hard\libg_nano.a(libc_a-msizer.o)
                0x0800a440                _malloc_usable_size_r
 *(.glue_7)
 .glue_7        0x0800a450        0x0 linker stubs
 *(.glue_7t)
 .glue_7t       0x0800a450        0x0 linker stubs
 *(.eh_frame)
 .eh_frame      0x0800a450        0x0 C:/ST/STM32CubeCLT_1.16.0/GNU-tools-for-STM32/bin/../lib/gcc/arm-none-eabi/12.3.1/thumb/v7e-m+fp/hard/crtbegin.o
 *(.init)
 .init          0x0800a450        0x4 C:/ST/STM32CubeCLT_1.16.0/GNU-tools-for-STM32/bin/../lib/gcc/arm-none-eabi/12.3.1/thumb/v7e-m+fp/hard/crti.o
                0x0800a450                _init
 .init          0x0800a454        0x8 C:/ST/STM32CubeCLT_1.16.0/GNU-tools-for-STM32/bin/../lib/gcc/arm-none-eabi/12.3.1/thumb/v7e-m+fp/hard/crtn.o
 *(.fini)
 .fini          0x0800a45c        0x4 C:/ST/STM32CubeCLT_1.16.0/GNU-tools-for-STM32/bin/../lib/gcc/arm-none-eabi/12.3.1/thumb/v7e-m+fp/hard/crti.o
                0x0800a45c                _fini
 .fini          0x0800a460        0x8 C:/ST/STM32CubeCLT_1.16.0/GNU-tools-for-STM32/bin/../lib/gcc/arm-none-eabi/12.3.1/thumb/v7e-m+fp/hard/crtn.o
                0x0800a468                        . = ALIGN (0x4)
                0x0800a468                        _etext = .

.vfp11_veneer   0x0800a468        0x0
 .vfp11_veneer  0x0800a468        0x0 linker stubs

.v4_bx          0x0800a468        0x0
 .v4_bx         0x0800a468        0x0 linker stubs

.iplt           0x0800a468        0x0
 .iplt          0x0800a468        0x0 C:/ST/STM32CubeCLT_1.16.0/GNU-tools-for-STM32/bin/../lib/gcc/arm-none-eabi/12.3.1/thumb/v7e-m+fp/hard/crtbegin.o

.rodata         0x0800a468       0xa0
                0x0800a468                        . = ALIGN (0x4)
 *(.rodata)
 .rodata        0x0800a468        0x4 CMakeFiles/flightcomputer.dir/Core/Src/main.c.obj
 .rodata        0x0800a46c       0x46 CMakeFiles/flightcomputer.dir/USB_DEVICE/App/usbd_desc.c.obj
 *(.rodata*)
 *fill*         0x0800a4b2        0x2 
 .rodata.AHBPrescTable
                0x0800a4b4       0x10 CMakeFiles/flightcomputer.dir/Core/Src/system_stm32f4xx.c.obj
                0x0800a4b4                AHBPrescTable
 .rodata.APBPrescTable
                0x0800a4c4        0x8 CMakeFiles/flightcomputer.dir/Core/Src/system_stm32f4xx.c.obj
                0x0800a4c4                APBPrescTable
 .rodata.flagBitshiftOffset.0
                0x0800a4cc        0x8 CMakeFiles/flightcomputer.dir/Drivers/STM32F4xx_HAL_Driver/Src/stm32f4xx_hal_dma.c.obj
 .rodata._svfprintf_r.str1.1
                0x0800a4d4       0x11 C:/ST/STM32CubeCLT_1.16.0/GNU-tools-for-STM32/bin/../lib/gcc/arm-none-eabi/12.3.1/../../../../arm-none-eabi/lib/thumb/v7e-m+fp/hard\libg_nano.a(libc_a-nano-svfprintf.o)
 .rodata._printf_i.str1.1
                0x0800a4e5       0x22 C:/ST/STM32CubeCLT_1.16.0/GNU-tools-for-STM32/bin/../lib/gcc/arm-none-eabi/12.3.1/../../../../arm-none-eabi/lib/thumb/v7e-m+fp/hard\libg_nano.a(libc_a-nano-vfprintf_i.o)
                0x0800a508                        . = ALIGN (0x4)
 *fill*         0x0800a507        0x1 

.ARM.extab
 *(.ARM.extab* .gnu.linkonce.armextab.*)

.ARM            0x0800a508        0x8
                0x0800a508                        __exidx_start = .
 *(.ARM.exidx*)
 .ARM.exidx     0x0800a508        0x8 C:/ST/STM32CubeCLT_1.16.0/GNU-tools-for-STM32/bin/../lib/gcc/arm-none-eabi/12.3.1/thumb/v7e-m+fp/hard\libgcc.a(_udivmoddi4.o)
 .ARM.exidx     0x0800a510        0x0 C:/ST/STM32CubeCLT_1.16.0/GNU-tools-for-STM32/bin/../lib/gcc/arm-none-eabi/12.3.1/../../../../arm-none-eabi/lib/thumb/v7e-m+fp/hard\libg_nano.a(libc_a-strlen.o)
                                  0x8 (size before relaxing)
 .ARM.exidx     0x0800a510        0x0 C:/ST/STM32CubeCLT_1.16.0/GNU-tools-for-STM32/bin/../lib/gcc/arm-none-eabi/12.3.1/../../../../arm-none-eabi/lib/thumb/v7e-m+fp/hard\libg_nano.a(libc_a-memchr.o)
                                  0x8 (size before relaxing)
                0x0800a510                        __exidx_end = .

.rel.dyn        0x0800a510        0x0
 .rel.iplt      0x0800a510        0x0 C:/ST/STM32CubeCLT_1.16.0/GNU-tools-for-STM32/bin/../lib/gcc/arm-none-eabi/12.3.1/thumb/v7e-m+fp/hard/crtbegin.o

.preinit_array  0x0800a510        0x0
                0x0800a510                        PROVIDE (__preinit_array_start = .)
 *(.preinit_array*)
                0x0800a510                        PROVIDE (__preinit_array_end = .)

.init_array     0x0800a510        0x4
                0x0800a510                        PROVIDE (__init_array_start = .)
 *(SORT_BY_NAME(.init_array.*))
 *(.init_array*)
 .init_array    0x0800a510        0x4 C:/ST/STM32CubeCLT_1.16.0/GNU-tools-for-STM32/bin/../lib/gcc/arm-none-eabi/12.3.1/thumb/v7e-m+fp/hard/crtbegin.o
                0x0800a514                        PROVIDE (__init_array_end = .)

.fini_array     0x0800a514        0x4
                [!provide]                        PROVIDE (__fini_array_start = .)
 *(SORT_BY_NAME(.fini_array.*))
 *(.fini_array*)
 .fini_array    0x0800a514        0x4 C:/ST/STM32CubeCLT_1.16.0/GNU-tools-for-STM32/bin/../lib/gcc/arm-none-eabi/12.3.1/thumb/v7e-m+fp/hard/crtbegin.o
                [!provide]                        PROVIDE (__fini_array_end = .)
                0x0800a518                        _sidata = LOADADDR (.data)

.data           0x20000000      0x164 load address 0x0800a518
                0x20000000                        . = ALIGN (0x4)
                0x20000000                        _sdata = .
 *(.data)
 *(.data*)
 .data._impure_ptr
                0x20000000        0x4 C:/ST/STM32CubeCLT_1.16.0/GNU-tools-for-STM32/bin/../lib/gcc/arm-none-eabi/12.3.1/../../../../arm-none-eabi/lib/thumb/v7e-m+fp/hard\libc_nano.a(libc_a-impure.o)
                0x20000000                _impure_ptr
 .data._impure_data
                0x20000004       0x4c C:/ST/STM32CubeCLT_1.16.0/GNU-tools-for-STM32/bin/../lib/gcc/arm-none-eabi/12.3.1/../../../../arm-none-eabi/lib/thumb/v7e-m+fp/hard\libc_nano.a(libc_a-impure.o)
                0x20000004                _impure_data
 .data.Stat     0x20000050        0x1 CMakeFiles/flightcomputer.dir/Core/Src/fatfs_sd.c.obj
 *fill*         0x20000051        0x3 
 .data.SystemCoreClock
                0x20000054        0x4 CMakeFiles/flightcomputer.dir/Core/Src/system_stm32f4xx.c.obj
                0x20000054                SystemCoreClock
 .data.USER_Driver
                0x20000058       0x14 CMakeFiles/flightcomputer.dir/FATFS/Target/user_diskio.c.obj
                0x20000058                USER_Driver
 .data.FS_Desc  0x2000006c       0x1c CMakeFiles/flightcomputer.dir/USB_DEVICE/App/usbd_desc.c.obj
                0x2000006c                FS_Desc
 .data.USBD_FS_DeviceDesc
                0x20000088       0x12 CMakeFiles/flightcomputer.dir/USB_DEVICE/App/usbd_desc.c.obj
                0x20000088                USBD_FS_DeviceDesc
 *fill*         0x2000009a        0x2 
 .data.USBD_LangIDDesc
                0x2000009c        0x4 CMakeFiles/flightcomputer.dir/USB_DEVICE/App/usbd_desc.c.obj
                0x2000009c                USBD_LangIDDesc
 .data.USBD_StringSerial
                0x200000a0       0x1a CMakeFiles/flightcomputer.dir/USB_DEVICE/App/usbd_desc.c.obj
                0x200000a0                USBD_StringSerial
 *fill*         0x200000ba        0x2 
 .data.USBD_Interface_fops_FS
                0x200000bc       0x14 CMakeFiles/flightcomputer.dir/USB_DEVICE/App/usbd_cdc_if.c.obj
                0x200000bc                USBD_Interface_fops_FS
 .data.uwTickPrio
                0x200000d0        0x4 CMakeFiles/flightcomputer.dir/Drivers/STM32F4xx_HAL_Driver/Src/stm32f4xx_hal.c.obj
                0x200000d0                uwTickPrio
 .data.uwTickFreq
                0x200000d4        0x1 CMakeFiles/flightcomputer.dir/Drivers/STM32F4xx_HAL_Driver/Src/stm32f4xx_hal.c.obj
                0x200000d4                uwTickFreq
 *fill*         0x200000d5        0x3 
 .data.USBD_CDC_DeviceQualifierDesc
                0x200000d8        0xa CMakeFiles/flightcomputer.dir/Middlewares/ST/STM32_USB_Device_Library/Class/CDC/Src/usbd_cdc.c.obj
 *fill*         0x200000e2        0x2 
 .data.USBD_CDC
                0x200000e4       0x38 CMakeFiles/flightcomputer.dir/Middlewares/ST/STM32_USB_Device_Library/Class/CDC/Src/usbd_cdc.c.obj
                0x200000e4                USBD_CDC
 .data.USBD_CDC_CfgDesc
                0x2000011c       0x43 CMakeFiles/flightcomputer.dir/Middlewares/ST/STM32_USB_Device_Library/Class/CDC/Src/usbd_cdc.c.obj
 .data.CDCInEpAdd
                0x2000015f        0x1 CMakeFiles/flightcomputer.dir/Middlewares/ST/STM32_USB_Device_Library/Class/CDC/Src/usbd_cdc.c.obj
 .data.CDCOutEpAdd
                0x20000160        0x1 CMakeFiles/flightcomputer.dir/Middlewares/ST/STM32_USB_Device_Library/Class/CDC/Src/usbd_cdc.c.obj
 .data.CDCCmdEpAdd
                0x20000161        0x1 CMakeFiles/flightcomputer.dir/Middlewares/ST/STM32_USB_Device_Library/Class/CDC/Src/usbd_cdc.c.obj
                0x20000164                        . = ALIGN (0x4)
 *fill*         0x20000162        0x2 
                0x20000164                        _edata = .

.igot.plt       0x20000164        0x0 load address 0x0800a67c
 .igot.plt      0x20000164        0x0 C:/ST/STM32CubeCLT_1.16.0/GNU-tools-for-STM32/bin/../lib/gcc/arm-none-eabi/12.3.1/thumb/v7e-m+fp/hard/crtbegin.o
                0x20000164                        . = ALIGN (0x4)

.bss            0x20000168     0x2704 load address 0x0800a67c
                0x20000168                        _sbss = .
                0x20000168                        __bss_start__ = _sbss
 *(.bss)
 .bss           0x20000168       0x1c C:/ST/STM32CubeCLT_1.16.0/GNU-tools-for-STM32/bin/../lib/gcc/arm-none-eabi/12.3.1/thumb/v7e-m+fp/hard/crtbegin.o
 *(.bss*)
 .bss.__sf      0x20000184      0x138 C:/ST/STM32CubeCLT_1.16.0/GNU-tools-for-STM32/bin/../lib/gcc/arm-none-eabi/12.3.1/../../../../arm-none-eabi/lib/thumb/v7e-m+fp/hard\libc_nano.a(libc_a-findfp.o)
                0x20000184                __sf
 .bss.errno     0x200002bc        0x4 C:/ST/STM32CubeCLT_1.16.0/GNU-tools-for-STM32/bin/../lib/gcc/arm-none-eabi/12.3.1/../../../../arm-none-eabi/lib/thumb/v7e-m+fp/hard\libc_nano.a(libc_a-reent.o)
                0x200002bc                errno
 .bss.__lock___malloc_recursive_mutex
                0x200002c0        0x1 C:/ST/STM32CubeCLT_1.16.0/GNU-tools-for-STM32/bin/../lib/gcc/arm-none-eabi/12.3.1/../../../../arm-none-eabi/lib/thumb/v7e-m+fp/hard\libc_nano.a(libc_a-lock.o)
                0x200002c0                __lock___malloc_recursive_mutex
 *fill*         0x200002c1        0x3 
 .bss.__malloc_sbrk_start
                0x200002c4        0x4 C:/ST/STM32CubeCLT_1.16.0/GNU-tools-for-STM32/bin/../lib/gcc/arm-none-eabi/12.3.1/../../../../arm-none-eabi/lib/thumb/v7e-m+fp/hard\libc_nano.a(libc_a-mallocr.o)
                0x200002c4                __malloc_sbrk_start
 .bss.__malloc_free_list
                0x200002c8        0x4 C:/ST/STM32CubeCLT_1.16.0/GNU-tools-for-STM32/bin/../lib/gcc/arm-none-eabi/12.3.1/../../../../arm-none-eabi/lib/thumb/v7e-m+fp/hard\libc_nano.a(libc_a-mallocr.o)
                0x200002c8                __malloc_free_list
 .bss.CardType  0x200002cc        0x1 CMakeFiles/flightcomputer.dir/Core/Src/fatfs_sd.c.obj
 .bss.PowerFlag
                0x200002cd        0x1 CMakeFiles/flightcomputer.dir/Core/Src/fatfs_sd.c.obj
 *fill*         0x200002ce        0x2 
 .bss.NEO_GPS   0x200002d0      0x398 CMakeFiles/flightcomputer.dir/Core/Src/gps.c.obj
                0x200002d0                NEO_GPS
 .bss.hi2c1     0x20000668       0x54 CMakeFiles/flightcomputer.dir/Core/Src/main.c.obj
                0x20000668                hi2c1
 .bss.hspi3     0x200006bc       0x58 CMakeFiles/flightcomputer.dir/Core/Src/main.c.obj
                0x200006bc                hspi3
 .bss.huart1    0x20000714       0x48 CMakeFiles/flightcomputer.dir/Core/Src/main.c.obj
                0x20000714                huart1
 .bss.huart2    0x2000075c       0x48 CMakeFiles/flightcomputer.dir/Core/Src/main.c.obj
                0x2000075c                huart2
 .bss.hdma_usart1_tx
                0x200007a4       0x60 CMakeFiles/flightcomputer.dir/Core/Src/main.c.obj
                0x200007a4                hdma_usart1_tx
 .bss.hdma_usart2_rx
                0x20000804       0x60 CMakeFiles/flightcomputer.dir/Core/Src/main.c.obj
                0x20000804                hdma_usart2_rx
 .bss.lastTransmitTime
                0x20000864        0x4 CMakeFiles/flightcomputer.dir/Core/Src/main.c.obj
                0x20000864                lastTransmitTime
 .bss.buffer    0x20000868      0x400 CMakeFiles/flightcomputer.dir/Core/Src/sdCard.c.obj
                0x20000868                buffer
 .bss.FatFsCnt  0x20000c68        0x1 CMakeFiles/flightcomputer.dir/Core/Src/stm32f4xx_it.c.obj
                0x20000c68                FatFsCnt
 .bss.Timer1    0x20000c69        0x1 CMakeFiles/flightcomputer.dir/Core/Src/stm32f4xx_it.c.obj
                0x20000c69                Timer1
 .bss.Timer2    0x20000c6a        0x1 CMakeFiles/flightcomputer.dir/Core/Src/stm32f4xx_it.c.obj
                0x20000c6a                Timer2
 *fill*         0x20000c6b        0x1 
 .bss.__sbrk_heap_end
                0x20000c6c        0x4 CMakeFiles/flightcomputer.dir/Core/Src/sysmem.c.obj
 .bss.retUSER   0x20000c70        0x1 CMakeFiles/flightcomputer.dir/FATFS/App/fatfs.c.obj
                0x20000c70                retUSER
 *fill*         0x20000c71        0x3 
 .bss.USERPath  0x20000c74        0x4 CMakeFiles/flightcomputer.dir/FATFS/App/fatfs.c.obj
                0x20000c74                USERPath
 .bss.hUsbDeviceFS
                0x20000c78      0x2dc CMakeFiles/flightcomputer.dir/USB_DEVICE/App/usb_device.c.obj
                0x20000c78                hUsbDeviceFS
 .bss.USBD_StrDesc
                0x20000f54      0x200 CMakeFiles/flightcomputer.dir/USB_DEVICE/App/usbd_desc.c.obj
                0x20000f54                USBD_StrDesc
 .bss.UserRxBufferFS
                0x20001154      0x800 CMakeFiles/flightcomputer.dir/USB_DEVICE/App/usbd_cdc_if.c.obj
                0x20001154                UserRxBufferFS
 .bss.UserTxBufferFS
                0x20001954      0x800 CMakeFiles/flightcomputer.dir/USB_DEVICE/App/usbd_cdc_if.c.obj
                0x20001954                UserTxBufferFS
 .bss.hpcd_USB_OTG_FS
                0x20002154      0x4e4 CMakeFiles/flightcomputer.dir/USB_DEVICE/Target/usbd_conf.c.obj
                0x20002154                hpcd_USB_OTG_FS
 .bss.mem.0     0x20002638      0x220 CMakeFiles/flightcomputer.dir/USB_DEVICE/Target/usbd_conf.c.obj
 .bss.uwTick    0x20002858        0x4 CMakeFiles/flightcomputer.dir/Drivers/STM32F4xx_HAL_Driver/Src/stm32f4xx_hal.c.obj
                0x20002858                uwTick
 .bss.disk      0x2000285c        0xc CMakeFiles/flightcomputer.dir/Middlewares/Third_Party/FatFs/src/ff_gen_drv.c.obj
                0x2000285c                disk
 .bss.cfgidx.0  0x20002868        0x1 CMakeFiles/flightcomputer.dir/Middlewares/ST/STM32_USB_Device_Library/Core/Src/usbd_ctlreq.c.obj
 *(COMMON)
                0x2000286c                        . = ALIGN (0x4)
 *fill*         0x20002869        0x3 
                0x2000286c                        _ebss = .
                0x2000286c                        __bss_end__ = _ebss

._user_heap_stack
                0x2000286c      0x604 load address 0x0800a67c
                0x20002870                        . = ALIGN (0x8)
 *fill*         0x2000286c        0x4 
                [!provide]                        PROVIDE (end = .)
                0x20002870                        PROVIDE (_end = .)
                0x20002a70                        . = (. + _Min_Heap_Size)
 *fill*         0x20002870      0x200 
                0x20002e70                        . = (. + _Min_Stack_Size)
 *fill*         0x20002a70      0x400 
                0x20002e70                        . = ALIGN (0x8)

/DISCARD/
 libc.a(*)
 libm.a(*)
 libgcc.a(*)

.ARM.attributes
                0x00000000       0x30
 *(.ARM.attributes)
 .ARM.attributes
                0x00000000       0x22 C:/ST/STM32CubeCLT_1.16.0/GNU-tools-for-STM32/bin/../lib/gcc/arm-none-eabi/12.3.1/thumb/v7e-m+fp/hard/crti.o
 .ARM.attributes
                0x00000022       0x34 C:/ST/STM32CubeCLT_1.16.0/GNU-tools-for-STM32/bin/../lib/gcc/arm-none-eabi/12.3.1/thumb/v7e-m+fp/hard/crtbegin.o
 .ARM.attributes
                0x00000056       0x34 C:/ST/STM32CubeCLT_1.16.0/GNU-tools-for-STM32/bin/../lib/gcc/arm-none-eabi/12.3.1/../../../../arm-none-eabi/lib/thumb/v7e-m+fp/hard\libc_nano.a(libc_a-findfp.o)
 .ARM.attributes
                0x0000008a       0x34 C:/ST/STM32CubeCLT_1.16.0/GNU-tools-for-STM32/bin/../lib/gcc/arm-none-eabi/12.3.1/../../../../arm-none-eabi/lib/thumb/v7e-m+fp/hard\libc_nano.a(libc_a-memset.o)
 .ARM.attributes
                0x000000be       0x34 C:/ST/STM32CubeCLT_1.16.0/GNU-tools-for-STM32/bin/../lib/gcc/arm-none-eabi/12.3.1/../../../../arm-none-eabi/lib/thumb/v7e-m+fp/hard\libc_nano.a(libc_a-reent.o)
 .ARM.attributes
                0x000000f2       0x34 C:/ST/STM32CubeCLT_1.16.0/GNU-tools-for-STM32/bin/../lib/gcc/arm-none-eabi/12.3.1/../../../../arm-none-eabi/lib/thumb/v7e-m+fp/hard\libc_nano.a(libc_a-impure.o)
 .ARM.attributes
                0x00000126       0x34 C:/ST/STM32CubeCLT_1.16.0/GNU-tools-for-STM32/bin/../lib/gcc/arm-none-eabi/12.3.1/../../../../arm-none-eabi/lib/thumb/v7e-m+fp/hard\libc_nano.a(libc_a-init.o)
 .ARM.attributes
                0x0000015a       0x34 C:/ST/STM32CubeCLT_1.16.0/GNU-tools-for-STM32/bin/../lib/gcc/arm-none-eabi/12.3.1/../../../../arm-none-eabi/lib/thumb/v7e-m+fp/hard\libc_nano.a(libc_a-lock.o)
 .ARM.attributes
                0x0000018e       0x34 C:/ST/STM32CubeCLT_1.16.0/GNU-tools-for-STM32/bin/../lib/gcc/arm-none-eabi/12.3.1/../../../../arm-none-eabi/lib/thumb/v7e-m+fp/hard\libc_nano.a(libc_a-freer.o)
 .ARM.attributes
                0x000001c2       0x34 C:/ST/STM32CubeCLT_1.16.0/GNU-tools-for-STM32/bin/../lib/gcc/arm-none-eabi/12.3.1/../../../../arm-none-eabi/lib/thumb/v7e-m+fp/hard\libc_nano.a(libc_a-mallocr.o)
 .ARM.attributes
                0x000001f6       0x34 C:/ST/STM32CubeCLT_1.16.0/GNU-tools-for-STM32/bin/../lib/gcc/arm-none-eabi/12.3.1/../../../../arm-none-eabi/lib/thumb/v7e-m+fp/hard\libc_nano.a(libc_a-mlock.o)
 .ARM.attributes
                0x0000022a       0x34 C:/ST/STM32CubeCLT_1.16.0/GNU-tools-for-STM32/bin/../lib/gcc/arm-none-eabi/12.3.1/../../../../arm-none-eabi/lib/thumb/v7e-m+fp/hard\libc_nano.a(libc_a-sbrkr.o)
 .ARM.attributes
                0x0000025e       0x34 CMakeFiles/flightcomputer.dir/Core/Src/fatfs_sd.c.obj
 .ARM.attributes
                0x00000292       0x34 CMakeFiles/flightcomputer.dir/Core/Src/gps.c.obj
 .ARM.attributes
                0x000002c6       0x34 CMakeFiles/flightcomputer.dir/Core/Src/main.c.obj
 .ARM.attributes
                0x000002fa       0x34 CMakeFiles/flightcomputer.dir/Core/Src/sdCard.c.obj
 .ARM.attributes
                0x0000032e       0x34 CMakeFiles/flightcomputer.dir/Core/Src/stm32f4xx_hal_msp.c.obj
 .ARM.attributes
                0x00000362       0x34 CMakeFiles/flightcomputer.dir/Core/Src/stm32f4xx_it.c.obj
 .ARM.attributes
                0x00000396       0x34 CMakeFiles/flightcomputer.dir/Core/Src/sysmem.c.obj
 .ARM.attributes
                0x000003ca       0x34 CMakeFiles/flightcomputer.dir/Core/Src/system_stm32f4xx.c.obj
 .ARM.attributes
                0x000003fe       0x34 CMakeFiles/flightcomputer.dir/FATFS/Target/user_diskio.c.obj
 .ARM.attributes
                0x00000432       0x34 CMakeFiles/flightcomputer.dir/FATFS/App/fatfs.c.obj
 .ARM.attributes
                0x00000466       0x34 CMakeFiles/flightcomputer.dir/USB_DEVICE/App/usb_device.c.obj
 .ARM.attributes
                0x0000049a       0x34 CMakeFiles/flightcomputer.dir/USB_DEVICE/App/usbd_desc.c.obj
 .ARM.attributes
                0x000004ce       0x34 CMakeFiles/flightcomputer.dir/USB_DEVICE/App/usbd_cdc_if.c.obj
 .ARM.attributes
                0x00000502       0x34 CMakeFiles/flightcomputer.dir/USB_DEVICE/Target/usbd_conf.c.obj
 .ARM.attributes
                0x00000536       0x34 CMakeFiles/flightcomputer.dir/Drivers/STM32F4xx_HAL_Driver/Src/stm32f4xx_hal_pcd.c.obj
 .ARM.attributes
                0x0000056a       0x34 CMakeFiles/flightcomputer.dir/Drivers/STM32F4xx_HAL_Driver/Src/stm32f4xx_hal_pcd_ex.c.obj
 .ARM.attributes
                0x0000059e       0x34 CMakeFiles/flightcomputer.dir/Drivers/STM32F4xx_HAL_Driver/Src/stm32f4xx_ll_usb.c.obj
 .ARM.attributes
                0x000005d2       0x34 CMakeFiles/flightcomputer.dir/Drivers/STM32F4xx_HAL_Driver/Src/stm32f4xx_hal_rcc.c.obj
 .ARM.attributes
                0x00000606       0x34 CMakeFiles/flightcomputer.dir/Drivers/STM32F4xx_HAL_Driver/Src/stm32f4xx_hal_gpio.c.obj
 .ARM.attributes
                0x0000063a       0x34 CMakeFiles/flightcomputer.dir/Drivers/STM32F4xx_HAL_Driver/Src/stm32f4xx_hal_dma.c.obj
 .ARM.attributes
                0x0000066e       0x34 CMakeFiles/flightcomputer.dir/Drivers/STM32F4xx_HAL_Driver/Src/stm32f4xx_hal_cortex.c.obj
 .ARM.attributes
                0x000006a2       0x34 CMakeFiles/flightcomputer.dir/Drivers/STM32F4xx_HAL_Driver/Src/stm32f4xx_hal.c.obj
 .ARM.attributes
                0x000006d6       0x34 CMakeFiles/flightcomputer.dir/Drivers/STM32F4xx_HAL_Driver/Src/stm32f4xx_hal_i2c.c.obj
 .ARM.attributes
                0x0000070a       0x34 CMakeFiles/flightcomputer.dir/Drivers/STM32F4xx_HAL_Driver/Src/stm32f4xx_hal_spi.c.obj
 .ARM.attributes
                0x0000073e       0x34 CMakeFiles/flightcomputer.dir/Drivers/STM32F4xx_HAL_Driver/Src/stm32f4xx_hal_uart.c.obj
 .ARM.attributes
                0x00000772       0x34 CMakeFiles/flightcomputer.dir/Middlewares/Third_Party/FatFs/src/ff_gen_drv.c.obj
 .ARM.attributes
                0x000007a6       0x34 CMakeFiles/flightcomputer.dir/Middlewares/ST/STM32_USB_Device_Library/Core/Src/usbd_core.c.obj
 .ARM.attributes
                0x000007da       0x34 CMakeFiles/flightcomputer.dir/Middlewares/ST/STM32_USB_Device_Library/Core/Src/usbd_ctlreq.c.obj
 .ARM.attributes
                0x0000080e       0x34 CMakeFiles/flightcomputer.dir/Middlewares/ST/STM32_USB_Device_Library/Core/Src/usbd_ioreq.c.obj
 .ARM.attributes
                0x00000842       0x34 CMakeFiles/flightcomputer.dir/Middlewares/ST/STM32_USB_Device_Library/Class/CDC/Src/usbd_cdc.c.obj
 .ARM.attributes
                0x00000876       0x21 CMakeFiles/flightcomputer.dir/startup_stm32f411xe.s.obj
 .ARM.attributes
                0x00000897       0x22 C:/ST/STM32CubeCLT_1.16.0/GNU-tools-for-STM32/bin/../lib/gcc/arm-none-eabi/12.3.1/thumb/v7e-m+fp/hard\libgcc.a(_aeabi_uldivmod.o)
 .ARM.attributes
                0x000008b9       0x34 C:/ST/STM32CubeCLT_1.16.0/GNU-tools-for-STM32/bin/../lib/gcc/arm-none-eabi/12.3.1/thumb/v7e-m+fp/hard\libgcc.a(_udivmoddi4.o)
 .ARM.attributes
                0x000008ed       0x22 C:/ST/STM32CubeCLT_1.16.0/GNU-tools-for-STM32/bin/../lib/gcc/arm-none-eabi/12.3.1/thumb/v7e-m+fp/hard\libgcc.a(_dvmd_tls.o)
 .ARM.attributes
                0x0000090f       0x34 C:/ST/STM32CubeCLT_1.16.0/GNU-tools-for-STM32/bin/../lib/gcc/arm-none-eabi/12.3.1/../../../../arm-none-eabi/lib/thumb/v7e-m+fp/hard\libg_nano.a(libc_a-sprintf.o)
 .ARM.attributes
                0x00000943       0x34 C:/ST/STM32CubeCLT_1.16.0/GNU-tools-for-STM32/bin/../lib/gcc/arm-none-eabi/12.3.1/../../../../arm-none-eabi/lib/thumb/v7e-m+fp/hard\libg_nano.a(libc_a-errno.o)
 .ARM.attributes
                0x00000977       0x17 C:/ST/STM32CubeCLT_1.16.0/GNU-tools-for-STM32/bin/../lib/gcc/arm-none-eabi/12.3.1/../../../../arm-none-eabi/lib/thumb/v7e-m+fp/hard\libg_nano.a(libc_a-strlen.o)
 .ARM.attributes
                0x0000098e       0x34 C:/ST/STM32CubeCLT_1.16.0/GNU-tools-for-STM32/bin/../lib/gcc/arm-none-eabi/12.3.1/../../../../arm-none-eabi/lib/thumb/v7e-m+fp/hard\libg_nano.a(libc_a-nano-svfprintf.o)
 .ARM.attributes
                0x000009c2       0x34 C:/ST/STM32CubeCLT_1.16.0/GNU-tools-for-STM32/bin/../lib/gcc/arm-none-eabi/12.3.1/../../../../arm-none-eabi/lib/thumb/v7e-m+fp/hard\libg_nano.a(libc_a-nano-vfprintf_i.o)
 .ARM.attributes
                0x000009f6       0x34 C:/ST/STM32CubeCLT_1.16.0/GNU-tools-for-STM32/bin/../lib/gcc/arm-none-eabi/12.3.1/../../../../arm-none-eabi/lib/thumb/v7e-m+fp/hard\libg_nano.a(libc_a-memmove.o)
 .ARM.attributes
                0x00000a2a       0x1c C:/ST/STM32CubeCLT_1.16.0/GNU-tools-for-STM32/bin/../lib/gcc/arm-none-eabi/12.3.1/../../../../arm-none-eabi/lib/thumb/v7e-m+fp/hard\libg_nano.a(libc_a-memchr.o)
 .ARM.attributes
                0x00000a46       0x34 C:/ST/STM32CubeCLT_1.16.0/GNU-tools-for-STM32/bin/../lib/gcc/arm-none-eabi/12.3.1/../../../../arm-none-eabi/lib/thumb/v7e-m+fp/hard\libg_nano.a(libc_a-memcpy-stub.o)
 .ARM.attributes
                0x00000a7a       0x34 C:/ST/STM32CubeCLT_1.16.0/GNU-tools-for-STM32/bin/../lib/gcc/arm-none-eabi/12.3.1/../../../../arm-none-eabi/lib/thumb/v7e-m+fp/hard\libg_nano.a(libc_a-reallocr.o)
 .ARM.attributes
                0x00000aae       0x34 C:/ST/STM32CubeCLT_1.16.0/GNU-tools-for-STM32/bin/../lib/gcc/arm-none-eabi/12.3.1/../../../../arm-none-eabi/lib/thumb/v7e-m+fp/hard\libg_nano.a(libc_a-msizer.o)
 .ARM.attributes
                0x00000ae2       0x22 C:/ST/STM32CubeCLT_1.16.0/GNU-tools-for-STM32/bin/../lib/gcc/arm-none-eabi/12.3.1/thumb/v7e-m+fp/hard/crtn.o
OUTPUT(flightcomputer.elf elf32-littlearm)
LOAD linker stubs
LOAD C:/ST/STM32CubeCLT_1.16.0/GNU-tools-for-STM32/bin/../lib/gcc/arm-none-eabi/12.3.1/../../../../arm-none-eabi/lib/thumb/v7e-m+fp/hard\libc.a
LOAD C:/ST/STM32CubeCLT_1.16.0/GNU-tools-for-STM32/bin/../lib/gcc/arm-none-eabi/12.3.1/../../../../arm-none-eabi/lib/thumb/v7e-m+fp/hard\libm.a
LOAD C:/ST/STM32CubeCLT_1.16.0/GNU-tools-for-STM32/bin/../lib/gcc/arm-none-eabi/12.3.1/thumb/v7e-m+fp/hard\libgcc.a

.debug_frame    0x00000000     0x59f8
 .debug_frame   0x00000000      0x144 C:/ST/STM32CubeCLT_1.16.0/GNU-tools-for-STM32/bin/../lib/gcc/arm-none-eabi/12.3.1/../../../../arm-none-eabi/lib/thumb/v7e-m+fp/hard\libc_nano.a(libc_a-findfp.o)
 .debug_frame   0x00000144       0x20 C:/ST/STM32CubeCLT_1.16.0/GNU-tools-for-STM32/bin/../lib/gcc/arm-none-eabi/12.3.1/../../../../arm-none-eabi/lib/thumb/v7e-m+fp/hard\libc_nano.a(libc_a-memset.o)
 .debug_frame   0x00000164       0x38 C:/ST/STM32CubeCLT_1.16.0/GNU-tools-for-STM32/bin/../lib/gcc/arm-none-eabi/12.3.1/../../../../arm-none-eabi/lib/thumb/v7e-m+fp/hard\libc_nano.a(libc_a-reent.o)
 .debug_frame   0x0000019c       0x2c C:/ST/STM32CubeCLT_1.16.0/GNU-tools-for-STM32/bin/../lib/gcc/arm-none-eabi/12.3.1/../../../../arm-none-eabi/lib/thumb/v7e-m+fp/hard\libc_nano.a(libc_a-init.o)
 .debug_frame   0x000001c8       0xb0 C:/ST/STM32CubeCLT_1.16.0/GNU-tools-for-STM32/bin/../lib/gcc/arm-none-eabi/12.3.1/../../../../arm-none-eabi/lib/thumb/v7e-m+fp/hard\libc_nano.a(libc_a-lock.o)
 .debug_frame   0x00000278       0x38 C:/ST/STM32CubeCLT_1.16.0/GNU-tools-for-STM32/bin/../lib/gcc/arm-none-eabi/12.3.1/../../../../arm-none-eabi/lib/thumb/v7e-m+fp/hard\libc_nano.a(libc_a-freer.o)
 .debug_frame   0x000002b0       0x50 C:/ST/STM32CubeCLT_1.16.0/GNU-tools-for-STM32/bin/../lib/gcc/arm-none-eabi/12.3.1/../../../../arm-none-eabi/lib/thumb/v7e-m+fp/hard\libc_nano.a(libc_a-mallocr.o)
 .debug_frame   0x00000300       0x30 C:/ST/STM32CubeCLT_1.16.0/GNU-tools-for-STM32/bin/../lib/gcc/arm-none-eabi/12.3.1/../../../../arm-none-eabi/lib/thumb/v7e-m+fp/hard\libc_nano.a(libc_a-mlock.o)
 .debug_frame   0x00000330       0x2c C:/ST/STM32CubeCLT_1.16.0/GNU-tools-for-STM32/bin/../lib/gcc/arm-none-eabi/12.3.1/../../../../arm-none-eabi/lib/thumb/v7e-m+fp/hard\libc_nano.a(libc_a-sbrkr.o)
 .debug_frame   0x0000035c      0x28c CMakeFiles/flightcomputer.dir/Core/Src/fatfs_sd.c.obj
 .debug_frame   0x000005e8       0x8c CMakeFiles/flightcomputer.dir/Core/Src/gps.c.obj
 .debug_frame   0x00000674      0x144 CMakeFiles/flightcomputer.dir/Core/Src/main.c.obj
 .debug_frame   0x000007b8       0xe8 CMakeFiles/flightcomputer.dir/Core/Src/sdCard.c.obj
 .debug_frame   0x000008a0      0x110 CMakeFiles/flightcomputer.dir/Core/Src/stm32f4xx_hal_msp.c.obj
 .debug_frame   0x000009b0      0x178 CMakeFiles/flightcomputer.dir/Core/Src/stm32f4xx_it.c.obj
 .debug_frame   0x00000b28       0x34 CMakeFiles/flightcomputer.dir/Core/Src/sysmem.c.obj
 .debug_frame   0x00000b5c       0x58 CMakeFiles/flightcomputer.dir/Core/Src/system_stm32f4xx.c.obj
 .debug_frame   0x00000bb4       0xc4 CMakeFiles/flightcomputer.dir/FATFS/Target/user_diskio.c.obj
 .debug_frame   0x00000c78       0x4c CMakeFiles/flightcomputer.dir/FATFS/App/fatfs.c.obj
 .debug_frame   0x00000cc4       0x2c CMakeFiles/flightcomputer.dir/USB_DEVICE/App/usb_device.c.obj
 .debug_frame   0x00000cf0      0x160 CMakeFiles/flightcomputer.dir/USB_DEVICE/App/usbd_desc.c.obj
 .debug_frame   0x00000e50       0xe4 CMakeFiles/flightcomputer.dir/USB_DEVICE/App/usbd_cdc_if.c.obj
 .debug_frame   0x00000f34      0x47c CMakeFiles/flightcomputer.dir/USB_DEVICE/Target/usbd_conf.c.obj
 .debug_frame   0x000013b0      0x5b8 CMakeFiles/flightcomputer.dir/Drivers/STM32F4xx_HAL_Driver/Src/stm32f4xx_hal_pcd.c.obj
 .debug_frame   0x00001968       0xb0 CMakeFiles/flightcomputer.dir/Drivers/STM32F4xx_HAL_Driver/Src/stm32f4xx_hal_pcd_ex.c.obj
 .debug_frame   0x00001a18      0x7c0 CMakeFiles/flightcomputer.dir/Drivers/STM32F4xx_HAL_Driver/Src/stm32f4xx_ll_usb.c.obj
 .debug_frame   0x000021d8      0x1f4 CMakeFiles/flightcomputer.dir/Drivers/STM32F4xx_HAL_Driver/Src/stm32f4xx_hal_rcc.c.obj
 .debug_frame   0x000023cc      0x14c CMakeFiles/flightcomputer.dir/Drivers/STM32F4xx_HAL_Driver/Src/stm32f4xx_hal_gpio.c.obj
 .debug_frame   0x00002518      0x250 CMakeFiles/flightcomputer.dir/Drivers/STM32F4xx_HAL_Driver/Src/stm32f4xx_hal_dma.c.obj
 .debug_frame   0x00002768      0x4b8 CMakeFiles/flightcomputer.dir/Drivers/STM32F4xx_HAL_Driver/Src/stm32f4xx_hal_cortex.c.obj
 .debug_frame   0x00002c20      0x374 CMakeFiles/flightcomputer.dir/Drivers/STM32F4xx_HAL_Driver/Src/stm32f4xx_hal.c.obj