../Core/Src/main.c:84:6:HAL_UART_TxCpltCallback	16	static
../Core/Src/main.c:103:5:main	8	static
../Core/Src/main.c:178:6:SystemClock_Config	88	static
../Core/Src/main.c:226:13:MX_I2C1_Init	8	static
../Core/Src/main.c:260:13:MX_SPI3_Init	8	static
../Core/Src/main.c:298:13:MX_USART1_UART_Init	8	static
../Core/Src/main.c:331:13:MX_USART2_UART_Init	8	static
../Core/Src/main.c:361:13:MX_DMA_Init	16	static
../Core/Src/main.c:383:13:MX_GPIO_Init	48	static
../Core/Src/main.c:426:6:Error_Handler	4	static,ignoring_inline_asm
